2025-05-08 08:58:37.937 11032-11076 gralloc4                com.example.houserentappproject      I  @set_metadata: update dataspace from GM (0x00000000 -> 0x08010000)
2025-05-08 08:58:37.956 11032-11076 gralloc4                com.example.houserentappproject      I  @set_metadata: update dataspace from GM (0x00000000 -> 0x08010000)
2025-05-08 08:58:37.974 11032-11076 gralloc4                com.example.houserentappproject      I  @set_metadata: update dataspace from GM (0x00000000 -> 0x08010000)
2025-05-08 08:58:37.990 11032-11076 gralloc4                com.example.houserentappproject      I  @set_metadata: update dataspace from GM (0x00000000 -> 0x08010000)
2025-05-08 08:58:38.007 11032-11076 gralloc4                com.example.houserentappproject      I  @set_metadata: update dataspace from GM (0x00000000 -> 0x08010000)
2025-05-08 08:58:38.024 11032-11076 gralloc4                com.example.houserentappproject      I  @set_metadata: update dataspace from GM (0x00000000 -> 0x08010000)
2025-05-08 08:58:38.039 11032-11076 gralloc4                com.example.houserentappproject      I  @set_metadata: update dataspace from GM (0x00000000 -> 0x08010000)
2025-05-08 08:58:38.057 11032-11076 gralloc4                com.example.houserentappproject      I  @set_metadata: update dataspace from GM (0x00000000 -> 0x08010000)
2025-05-08 08:58:38.073 11032-11076 gralloc4                com.example.houserentappproject      I  @set_metadata: update dataspace from GM (0x00000000 -> 0x08010000)
2025-05-08 08:58:38.092 11032-11076 gralloc4                com.example.houserentappproject      I  @set_metadata: update dataspace from GM (0x00000000 -> 0x08010000)
2025-05-08 08:58:38.107 11032-11076 gralloc4                com.example.houserentappproject      I  @set_metadata: update dataspace from GM (0x00000000 -> 0x08010000)
2025-05-08 08:58:38.121 11032-11032 ImeTracker              com.example.houserentappproject      I  com.example.houserentappproject:df9cca4: onShown
2025-05-08 08:58:38.123 11032-11076 gralloc4                com.example.houserentappproject      I  @set_metadata: update dataspace from GM (0x00000000 -> 0x08010000)
2025-05-08 08:58:38.138 11032-11076 gralloc4                com.example.houserentappproject      I  @set_metadata: update dataspace from GM (0x00000000 -> 0x08010000)
2025-05-08 08:58:38.156 11032-11076 gralloc4                com.example.houserentappproject      I  @set_metadata: update dataspace from GM (0x00000000 -> 0x08010000)
2025-05-08 08:58:38.172 11032-11076 gralloc4                com.example.houserentappproject      I  @set_metadata: update dataspace from GM (0x00000000 -> 0x08010000)
2025-05-08 08:58:38.570 11032-11076 gralloc4                com.example.houserentappproject      I  @set_metadata: update dataspace from GM (0x00000000 -> 0x08010000)
2025-05-08 08:58:38.584 11032-11076 gralloc4                com.example.houserentappproject      I  @set_metadata: update dataspace from GM (0x00000000 -> 0x08010000)
2025-05-08 08:58:38.601 11032-11076 gralloc4                com.example.houserentappproject      I  @set_metadata: update dataspace from GM (0x00000000 -> 0x08010000)
2025-05-08 08:58:38.616 11032-11076 gralloc4                com.example.houserentappproject      I  @set_metadata: update dataspace from GM (0x00000000 -> 0x08010000)
2025-05-08 08:58:38.633 11032-11076 gralloc4                com.example.houserentappproject      I  @set_metadata: update dataspace from GM (0x00000000 -> 0x08010000)
2025-05-08 08:58:38.648 11032-11076 gralloc4                com.example.houserentappproject      I  @set_metadata: update dataspace from GM (0x00000000 -> 0x08010000)
2025-05-08 08:58:38.666 11032-11076 gralloc4                com.example.houserentappproject      I  @set_metadata: update dataspace from GM (0x00000000 -> 0x08010000)
2025-05-08 08:58:38.682 11032-11076 gralloc4                com.example.houserentappproject      I  @set_metadata: update dataspace from GM (0x00000000 -> 0x08010000)
2025-05-08 08:58:38.701 11032-11076 gralloc4                com.example.houserentappproject      I  @set_metadata: update dataspace from GM (0x00000000 -> 0x08010000)
2025-05-08 08:58:38.716 11032-11076 gralloc4                com.example.houserentappproject      I  @set_metadata: update dataspace from GM (0x00000000 -> 0x08010000)
2025-05-08 08:58:38.734 11032-11076 gralloc4                com.example.houserentappproject      I  @set_metadata: update dataspace from GM (0x00000000 -> 0x08010000)
2025-05-08 08:58:38.751 11032-11076 gralloc4                com.example.houserentappproject      I  @set_metadata: update dataspace from GM (0x00000000 -> 0x08010000)
2025-05-08 08:58:38.767 11032-11076 gralloc4                com.example.houserentappproject      I  @set_metadata: update dataspace from GM (0x00000000 -> 0x08010000)
2025-05-08 08:58:38.784 11032-11076 gralloc4                com.example.houserentappproject      I  @set_metadata: update dataspace from GM (0x00000000 -> 0x08010000)
2025-05-08 08:58:38.800 11032-11076 gralloc4                com.example.houserentappproject      I  @set_metadata: update dataspace from GM (0x00000000 -> 0x08010000)
2025-05-08 08:58:38.817 11032-11076 gralloc4                com.example.houserentappproject      I  @set_metadata: update dataspace from GM (0x00000000 -> 0x08010000)
2025-05-08 08:58:38.833 11032-11076 gralloc4                com.example.houserentappproject      I  @set_metadata: update dataspace from GM (0x00000000 -> 0x08010000)
2025-05-08 08:58:39.047 11032-11076 gralloc4                com.example.houserentappproject      I  @set_metadata: update dataspace from GM (0x00000000 -> 0x08010000)
2025-05-08 08:58:39.214 11032-11076 gralloc4                com.example.houserentappproject      I  @set_metadata: update dataspace from GM (0x00000000 -> 0x08010000)
2025-05-08 08:58:39.330 11032-11076 gralloc4                com.example.houserentappproject      I  @set_metadata: update dataspace from GM (0x00000000 -> 0x08010000)
2025-05-08 08:58:39.493 11032-11076 gralloc4                com.example.houserentappproject      I  @set_metadata: update dataspace from GM (0x00000000 -> 0x08010000)
2025-05-08 08:58:39.593 11032-11076 gralloc4                com.example.houserentappproject      I  @set_metadata: update dataspace from GM (0x00000000 -> 0x08010000)
2025-05-08 08:58:39.774 11032-11076 gralloc4                com.example.houserentappproject      I  @set_metadata: update dataspace from GM (0x00000000 -> 0x08010000)
2025-05-08 08:58:39.876 11032-11076 gralloc4                com.example.houserentappproject      I  @set_metadata: update dataspace from GM (0x00000000 -> 0x08010000)
2025-05-08 08:58:40.372 11032-11076 gralloc4                com.example.houserentappproject      I  @set_metadata: update dataspace from GM (0x00000000 -> 0x08010000)
2025-05-08 08:58:40.720 11032-11076 gralloc4                com.example.houserentappproject      I  @set_metadata: update dataspace from GM (0x00000000 -> 0x08010000)
2025-05-08 08:58:41.215 11032-11076 gralloc4                com.example.houserentappproject      I  @set_metadata: update dataspace from GM (0x00000000 -> 0x08010000)
2025-05-08 08:58:41.286 11032-11032 MIUIInput               com.example.houserentappproject      D  [KeyEvent] ViewRootImpl windowName 'com.example.houserentappproject/com.example.houserentappproject.activity_selectcity', KeyEvent { action=ACTION_DOWN, keyCode=KEYCODE_BACK, scanCode=0, metaState=0, flags=0x48, repeatCount=0, eventTime=92010930000000, downTime=92010930000000, deviceId=-1, source=0x101, displayId=0 }, phoneEventTime=08:58:41.275
2025-05-08 08:58:41.290 11032-11032 MIUIInput               com.example.houserentappproject      D  [KeyEvent] ViewRootImpl windowName 'com.example.houserentappproject/com.example.houserentappproject.activity_selectcity', KeyEvent { action=ACTION_UP, keyCode=KEYCODE_BACK, scanCode=0, metaState=0, flags=0x48, repeatCount=0, eventTime=92010935000000, downTime=92010930000000, deviceId=-1, source=0x101, displayId=0 }, phoneEventTime=08:58:41.280
2025-05-08 08:58:41.311 11032-11032 WindowOnBackDispatcher  com.example.houserentappproject      W  sendCancelIfRunning: isInProgress=falsecallback=ImeCallback=ImeOnBackInvokedCallback@198288301 Callback=android.window.IOnBackInvokedCallback$Stub$Proxy@d15c790
2025-05-08 08:58:41.315 11032-11076 gralloc4                com.example.houserentappproject      I  @set_metadata: update dataspace from GM (0x00000000 -> 0x08010000)
2025-05-08 08:58:41.329 11032-11076 gralloc4                com.example.houserentappproject      I  @set_metadata: update dataspace from GM (0x00000000 -> 0x08010000)
2025-05-08 08:58:41.529 11032-11032 ImeTracker              com.example.houserentappproject      I  com.example.houserentappproject:8da196e: onRequestHide at ORIGIN_CLIENT_HIDE_SOFT_INPUT reason HIDE_SOFT_INPUT_BY_INSETS_API
2025-05-08 08:58:41.531 11032-11032 ImeTracker              com.example.houserentappproject      I  com.example.houserentappproject:6fb91ead: onHidden
2025-05-08 08:58:41.729 11032-11076 gralloc4                com.example.houserentappproject      I  @set_metadata: update dataspace from GM (0x00000000 -> 0x08010000)
2025-05-08 08:58:42.074 11032-11076 gralloc4                com.example.houserentappproject      I  @set_metadata: update dataspace from GM (0x00000000 -> 0x08010000)
2025-05-08 08:58:42.092 11032-11076 gralloc4                com.example.houserentappproject      I  @set_metadata: update dataspace from GM (0x00000000 -> 0x08010000)
2025-05-08 08:58:42.106 11032-11076 gralloc4                com.example.houserentappproject      I  @set_metadata: update dataspace from GM (0x00000000 -> 0x08010000)
2025-05-08 08:58:42.126 11032-11076 gralloc4                com.example.houserentappproject      I  @set_metadata: update dataspace from GM (0x00000000 -> 0x08010000)
2025-05-08 08:58:42.142 11032-11076 gralloc4                com.example.houserentappproject      I  @set_metadata: update dataspace from GM (0x00000000 -> 0x08010000)
2025-05-08 08:58:42.157 11032-11076 gralloc4                com.example.houserentappproject      I  @set_metadata: update dataspace from GM (0x00000000 -> 0x08010000)
2025-05-08 08:58:42.172 11032-11076 gralloc4                com.example.houserentappproject      I  @set_metadata: update dataspace from GM (0x00000000 -> 0x08010000)
2025-05-08 08:58:42.190 11032-11076 gralloc4                com.example.houserentappproject      I  @set_metadata: update dataspace from GM (0x00000000 -> 0x08010000)
2025-05-08 08:58:42.206 11032-11076 gralloc4                com.example.houserentappproject      I  @set_metadata: update dataspace from GM (0x00000000 -> 0x08010000)
2025-05-08 08:58:42.222 11032-11076 gralloc4                com.example.houserentappproject      I  @set_metadata: update dataspace from GM (0x00000000 -> 0x08010000)
2025-05-08 08:58:42.239 11032-11076 gralloc4                com.example.houserentappproject      I  @set_metadata: update dataspace from GM (0x00000000 -> 0x08010000)
2025-05-08 08:58:42.254 11032-11076 gralloc4                com.example.houserentappproject      I  @set_metadata: update dataspace from GM (0x00000000 -> 0x08010000)
2025-05-08 08:58:42.272 11032-11076 gralloc4                com.example.houserentappproject      I  @set_metadata: update dataspace from GM (0x00000000 -> 0x08010000)
2025-05-08 08:58:42.289 11032-11076 gralloc4                com.example.houserentappproject      I  @set_metadata: update dataspace from GM (0x00000000 -> 0x08010000)
2025-05-08 08:58:42.305 11032-11076 gralloc4                com.example.houserentappproject      I  @set_metadata: update dataspace from GM (0x00000000 -> 0x08010000)
2025-05-08 08:58:42.320 11032-11076 gralloc4                com.example.houserentappproject      I  @set_metadata: update dataspace from GM (0x00000000 -> 0x08010000)
2025-05-08 08:58:42.337 11032-11076 gralloc4                com.example.houserentappproject      I  @set_metadata: update dataspace from GM (0x00000000 -> 0x08010000)
2025-05-08 08:58:42.736 11032-11076 gralloc4                com.example.houserentappproject      I  @set_metadata: update dataspace from GM (0x00000000 -> 0x08010000)
2025-05-08 08:58:43.231 11032-11076 gralloc4                com.example.houserentappproject      I  @set_metadata: update dataspace from GM (0x00000000 -> 0x08010000)
2025-05-08 08:58:43.744 11032-11076 gralloc4                com.example.houserentappproject      I  @set_metadata: update dataspace from GM (0x00000000 -> 0x08010000)
2025-05-08 08:58:44.238 11032-11076 gralloc4                com.example.houserentappproject      I  @set_metadata: update dataspace from GM (0x00000000 -> 0x08010000)
2025-05-08 08:58:44.736 11032-11076 gralloc4                com.example.houserentappproject      I  @set_metadata: update dataspace from GM (0x00000000 -> 0x08010000)
2025-05-08 08:58:45.244 11032-11076 gralloc4                com.example.houserentappproject      I  @set_metadata: update dataspace from GM (0x00000000 -> 0x08010000)
2025-05-08 08:58:45.343 11032-11076 gralloc4                com.example.houserentappproject      I  @set_metadata: update dataspace from GM (0x00000000 -> 0x08010000)
2025-05-08 08:58:45.359 11032-11076 gralloc4                com.example.houserentappproject      I  @set_metadata: update dataspace from GM (0x00000000 -> 0x08010000)
2025-05-08 08:58:45.369   910-1751  BufferQueueDebug        surfaceflinger                       E  [ActivityRecord{7ebd7b9 u0 com.example.houserentappproject/.activity_house_listing t1641}#37394](this:0xb400007a60d01a30,id:-1,api:0,p:-1,c:-1) id info cannot be read from 'ActivityRecord{7ebd7b9 u0 com.example.houserentappproject/.activity_house_listing t1641}#37394'
2025-05-08 08:58:45.401 11032-11076 gralloc4                com.example.houserentappproject      I  @set_metadata: update dataspace from GM (0x00000000 -> 0x08010000)
2025-05-08 08:58:45.401 11032-11222 libMEOW                 com.example.houserentappproject      D  meow new tls: 0xb400007418052cc0
2025-05-08 08:58:45.401 11032-11222 libMEOW                 com.example.houserentappproject      D  applied 1 plugins for [com.example.houserentappproject]:
2025-05-08 08:58:45.401 11032-11222 libMEOW                 com.example.houserentappproject      D    plugin 1: [libMEOW_gift.so]: 0xb40000749ba44a40
2025-05-08 08:58:45.402 11032-11222 libMEOW                 com.example.houserentappproject      D  rebuild call chain: 0xb400007418061f80
2025-05-08 08:58:45.402 11032-11222 libMEOW                 com.example.houserentappproject      D  meow delete tls: 0xb400007418052cc0
2025-05-08 08:58:45.408 11032-11032 DecorView[]             com.example.houserentappproject      D  getWindowModeFromSystem  windowmode is 1
2025-05-08 08:58:45.409 11032-11032 ScrollerOp...ionManager com.example.houserentappproject      D  registerConfigChangedListener
2025-05-08 08:58:45.416 11032-11032 ScrollerOp...ionManager com.example.houserentappproject      D  registerConfigChangedListener
2025-05-08 08:58:45.419 11032-11032 HouseListing            com.example.houserentappproject      D  Selected City: Mumbai
2025-05-08 08:58:45.419 11032-11032 HouseListing            com.example.houserentappproject      D  Selected Landmark: Andheri
2025-05-08 08:58:45.420 11032-11032 HouseListing            com.example.houserentappproject      D  Firebase Database Reference: https://house-rent-app-rohit-default-rtdb.firebaseio.com/houses
2025-05-08 08:58:45.420 11032-11032 HouseListing            com.example.houserentappproject      D  Starting to load houses...
2025-05-08 08:58:45.426 11032-11076 libc                    com.example.houserentappproject      W  Access denied finding property "ro.vendor.display.iris_x7.support"
2025-05-08 08:58:45.427 11032-11032 VRI[activi...e_listing] com.example.houserentappproject      D  hardware acceleration = true, forceHwAccelerated = false
2025-05-08 08:58:45.428   910-1751  BufferQueueDebug        surfaceflinger                       E  [3e2060a com.example.houserentappproject/com.example.houserentappproject.activity_house_listing#37395](this:0xb400007a60dbea30,id:-1,api:0,p:-1,c:-1) id info cannot be read from '3e2060a com.example.houserentappproject/com.example.houserentappproject.activity_house_listing#37395'
2025-05-08 08:58:45.435   910-1751  BufferQueueDebug        surfaceflinger                       E  [com.example.houserentappproject/com.example.houserentappproject.activity_house_listing#37396](this:0xb400007a60dc1a30,id:-1,api:0,p:-1,c:-1) id info cannot be read from 'com.example.houserentappproject/com.example.houserentappproject.activity_house_listing#37396'
2025-05-08 08:58:45.441 11032-11032 BufferQueueConsumer     com.example.houserentappproject      D  [](id:2b1800000007,api:0,p:-1,c:11032) connect: controlledByApp=false
2025-05-08 08:58:45.442 11032-11076 OpenGLRenderer          com.example.houserentappproject      E  Unable to match the desired swap behavior.
2025-05-08 08:58:45.444 11032-11032 VRI[activi...e_listing] com.example.houserentappproject      D  vri.reportNextDraw android.view.ViewRootImpl.performTraversals:4376 android.view.ViewRootImpl.doTraversal:2992 android.view.ViewRootImpl$TraversalRunnable.run:10469 android.view.Choreographer$CallbackRecord.run:1671 android.view.Choreographer$CallbackRecord.run:1680 
2025-05-08 08:58:45.444 11032-11032 VRI[activi...e_listing] com.example.houserentappproject      D  vri.Setup new sync=wmsSync-VRI[activity_house_listing]#14
2025-05-08 08:58:45.445 11032-11076 OpenGLRenderer          com.example.houserentappproject      D  makeCurrent grContext:0xb4000074361812c0 reset mTextureAvailable
2025-05-08 08:58:45.449 11032-11076 BLASTBufferQueue        com.example.houserentappproject      D  [VRI[activity_house_listing]#7](f:0,a:1) acquireNextBufferLocked size=1080x2400 mFrameNumber=1 applyTransaction=true mTimestamp=92015104269022(auto) mPendingTransactions.size=0 graphicBufferId=47382079209501 transform=0
2025-05-08 08:58:45.450 11032-11032 VRI[activi...e_listing] com.example.houserentappproject      D  vri.reportDrawFinished
2025-05-08 08:58:45.452 11032-11076 gralloc4                com.example.houserentappproject      I  @set_metadata: update dataspace from GM (0x00000000 -> 0x08010000)
2025-05-08 08:58:45.452   910-1751  BufferQueueDebug        surfaceflinger                       E  [Transition Root: ActivityRecord{7ebd7b9 u0 com.example.houserentappproject/.activity_house_listing t1641}#37399](this:0xb400007a60e27a30,id:-1,api:0,p:-1,c:-1) id info cannot be read from 'Transition Root: ActivityRecord{7ebd7b9 u0 com.example.houserentappproject/.activity_house_listing t1641}#37399'
2025-05-08 08:58:45.455   910-1751  BufferQueueDebug        surfaceflinger                       E  [e3b9580 ActivityRecordInputSink com.example.houserentappproject/.activity_house_listing#37400](this:0xb400007a56affa30,id:-1,api:0,p:-1,c:-1) id info cannot be read from 'e3b9580 ActivityRecordInputSink com.example.houserentappproject/.activity_house_listing#37400'
2025-05-08 08:58:45.457   910-1751  BufferQueueDebug        surfaceflinger                       E  [DefaultTransition Dim Layer for - Surface(name=ActivityRecord{1574d3e u0 com.example.houserentappproject/.activity_selectcity t1641})/@0x65b1c23#37401](this:0xb400007a56b05a30,id:-1,api:0,p:-1,c:-1) id info cannot be read from 'DefaultTransition Dim Layer for - Surface(name=ActivityRecord{1574d3e u0 com.example.houserentappproject/.activity_selectcity t1641})/@0x65b1c23#37401'
2025-05-08 08:58:45.466 11032-11076 gralloc4                com.example.houserentappproject      I  @set_metadata: update dataspace from GM (0x00000000 -> 0x08010000)
2025-05-08 08:58:45.474 11032-11076 gralloc4                com.example.houserentappproject      I  @set_metadata: update dataspace from GM (0x00000000 -> 0x08010000)
2025-05-08 08:58:45.478 11032-11032 HandWritingStubImpl     com.example.houserentappproject      I  refreshLastKeyboardType: 1
2025-05-08 08:58:45.478 11032-11032 HandWritingStubImpl     com.example.houserentappproject      I  getCurrentKeyboardType: 1
2025-05-08 08:58:45.503  2340-2693  ActivityManagerWrapper  com.miui.home                        E  getRecentTasks: mainTaskId=1641   userId=0   windowMode=1   baseIntent=Intent { act=android.intent.action.MAIN flag=268435456 cmp=ComponentInfo{com.example.houserentappproject/com.example.houserentappproject.splash_activity} }
2025-05-08 08:58:45.512 11032-11076 gralloc4                com.example.houserentappproject      I  @set_metadata: update dataspace from GM (0x00000000 -> 0x08010000)
2025-05-08 08:58:45.516  2340-2693  ActivityManagerWrapper  com.miui.home                        E  getRecentTasks: mainTaskId=1641   userId=0   windowMode=1   baseIntent=Intent { act=android.intent.action.MAIN flag=268435456 cmp=ComponentInfo{com.example.houserentappproject/com.example.houserentappproject.splash_activity} }
2025-05-08 08:58:45.528 11032-11076 gralloc4                com.example.houserentappproject      I  @set_metadata: update dataspace from GM (0x00000000 -> 0x08010000)
2025-05-08 08:58:45.545 11032-11076 gralloc4                com.example.houserentappproject      I  @set_metadata: update dataspace from GM (0x00000000 -> 0x08010000)
2025-05-08 08:58:45.562 11032-11076 gralloc4                com.example.houserentappproject      I  @set_metadata: update dataspace from GM (0x00000000 -> 0x08010000)
2025-05-08 08:58:45.578 11032-11076 gralloc4                com.example.houserentappproject      I  @set_metadata: update dataspace from GM (0x00000000 -> 0x08010000)
2025-05-08 08:58:45.594 11032-11076 gralloc4                com.example.houserentappproject      I  @set_metadata: update dataspace from GM (0x00000000 -> 0x08010000)
2025-05-08 08:58:45.611 11032-11076 gralloc4                com.example.houserentappproject      I  @set_metadata: update dataspace from GM (0x00000000 -> 0x08010000)
2025-05-08 08:58:45.627 11032-11076 gralloc4                com.example.houserentappproject      I  @set_metadata: update dataspace from GM (0x00000000 -> 0x08010000)
2025-05-08 08:58:45.644 11032-11076 gralloc4                com.example.houserentappproject      I  @set_metadata: update dataspace from GM (0x00000000 -> 0x08010000)
2025-05-08 08:58:45.660 11032-11076 gralloc4                com.example.houserentappproject      I  @set_metadata: update dataspace from GM (0x00000000 -> 0x08010000)
2025-05-08 08:58:45.676 11032-11076 gralloc4                com.example.houserentappproject      I  @set_metadata: update dataspace from GM (0x00000000 -> 0x08010000)
2025-05-08 08:58:45.694 11032-11076 gralloc4                com.example.houserentappproject      I  @set_metadata: update dataspace from GM (0x00000000 -> 0x08010000)
2025-05-08 08:58:45.710 11032-11076 gralloc4                com.example.houserentappproject      I  @set_metadata: update dataspace from GM (0x00000000 -> 0x08010000)
2025-05-08 08:58:45.727 11032-11076 gralloc4                com.example.houserentappproject      I  @set_metadata: update dataspace from GM (0x00000000 -> 0x08010000)
2025-05-08 08:58:45.743 11032-11076 gralloc4                com.example.houserentappproject      I  @set_metadata: update dataspace from GM (0x00000000 -> 0x08010000)
2025-05-08 08:58:45.760 11032-11076 gralloc4                com.example.houserentappproject      I  @set_metadata: update dataspace from GM (0x00000000 -> 0x08010000)
2025-05-08 08:58:45.775 11032-11076 gralloc4                com.example.houserentappproject      I  @set_metadata: update dataspace from GM (0x00000000 -> 0x08010000)
2025-05-08 08:58:45.793 11032-11076 gralloc4                com.example.houserentappproject      I  @set_metadata: update dataspace from GM (0x00000000 -> 0x08010000)
2025-05-08 08:58:45.811 11032-11076 gralloc4                com.example.houserentappproject      I  @set_metadata: update dataspace from GM (0x00000000 -> 0x08010000)
2025-05-08 08:58:45.827 11032-11076 gralloc4                com.example.houserentappproject      I  @set_metadata: update dataspace from GM (0x00000000 -> 0x08010000)
2025-05-08 08:58:45.844 11032-11076 gralloc4                com.example.houserentappproject      I  @set_metadata: update dataspace from GM (0x00000000 -> 0x08010000)
2025-05-08 08:58:45.860 11032-11076 gralloc4                com.example.houserentappproject      I  @set_metadata: update dataspace from GM (0x00000000 -> 0x08010000)
2025-05-08 08:58:45.876 11032-11076 gralloc4                com.example.houserentappproject      I  @set_metadata: update dataspace from GM (0x00000000 -> 0x08010000)
2025-05-08 08:58:45.893 11032-11076 gralloc4                com.example.houserentappproject      I  @set_metadata: update dataspace from GM (0x00000000 -> 0x08010000)
2025-05-08 08:58:45.910 11032-11076 gralloc4                com.example.houserentappproject      I  @set_metadata: update dataspace from GM (0x00000000 -> 0x08010000)
2025-05-08 08:58:45.926 11032-11076 gralloc4                com.example.houserentappproject      I  @set_metadata: update dataspace from GM (0x00000000 -> 0x08010000)
2025-05-08 08:58:45.943 11032-11076 gralloc4                com.example.houserentappproject      I  @set_metadata: update dataspace from GM (0x00000000 -> 0x08010000)
2025-05-08 08:58:45.960 11032-11076 gralloc4                com.example.houserentappproject      I  @set_metadata: update dataspace from GM (0x00000000 -> 0x08010000)
2025-05-08 08:58:45.975 11032-11076 gralloc4                com.example.houserentappproject      I  @set_metadata: update dataspace from GM (0x00000000 -> 0x08010000)
2025-05-08 08:58:45.994 11032-11076 gralloc4                com.example.houserentappproject      I  @set_metadata: update dataspace from GM (0x00000000 -> 0x08010000)
2025-05-08 08:58:46.012 11032-11076 gralloc4                com.example.houserentappproject      I  @set_metadata: update dataspace from GM (0x00000000 -> 0x08010000)
2025-05-08 08:58:46.015 11032-11032 BLASTBufferQueue        com.example.houserentappproject      D  [VRI[activity_selectcity]#6](f:0,a:1) destructor()
2025-05-08 08:58:46.015 11032-11032 BufferQueueConsumer     com.example.houserentappproject      D  [VRI[activity_selectcity]#6(BLAST Consumer)6](id:2b1800000006,api:0,p:-1,c:11032) disconnect
2025-05-08 08:58:46.020 11032-11032 WindowOnBackDispatcher  com.example.houserentappproject      W  sendCancelIfRunning: isInProgress=falsecallback=android.view.ViewRootImpl$$ExternalSyntheticLambda22@79fc3fc
2025-05-08 08:58:46.021 11032-11032 View                    com.example.houserentappproject      D  [Warning] assignParent to null: this = DecorView@889b1ba[activity_selectcity]
2025-05-08 08:58:46.026 11032-11076 gralloc4                com.example.houserentappproject      I  @set_metadata: update dataspace from GM (0x00000000 -> 0x08010000)
2025-05-08 08:58:46.042 11032-11076 gralloc4                com.example.houserentappproject      I  @set_metadata: update dataspace from GM (0x00000000 -> 0x08010000)
2025-05-08 08:58:46.062 11032-11076 gralloc4                com.example.houserentappproject      I  @set_metadata: update dataspace from GM (0x00000000 -> 0x08010000)
2025-05-08 08:58:46.074 11032-11076 gralloc4                com.example.houserentappproject      I  @set_metadata: update dataspace from GM (0x00000000 -> 0x08010000)
2025-05-08 08:58:46.092 11032-11076 gralloc4                com.example.houserentappproject      I  @set_metadata: update dataspace from GM (0x00000000 -> 0x08010000)
2025-05-08 08:58:46.108 11032-11076 gralloc4                com.example.houserentappproject      I  @set_metadata: update dataspace from GM (0x00000000 -> 0x08010000)
2025-05-08 08:58:46.126 11032-11076 gralloc4                com.example.houserentappproject      I  @set_metadata: update dataspace from GM (0x00000000 -> 0x08010000)
2025-05-08 08:58:46.141 11032-11076 gralloc4                com.example.houserentappproject      I  @set_metadata: update dataspace from GM (0x00000000 -> 0x08010000)
2025-05-08 08:58:46.158 11032-11076 gralloc4                com.example.houserentappproject      I  @set_metadata: update dataspace from GM (0x00000000 -> 0x08010000)
2025-05-08 08:58:46.174 11032-11076 gralloc4                com.example.houserentappproject      I  @set_metadata: update dataspace from GM (0x00000000 -> 0x08010000)
2025-05-08 08:58:46.191 11032-11076 gralloc4                com.example.houserentappproject      I  @set_metadata: update dataspace from GM (0x00000000 -> 0x08010000)
2025-05-08 08:58:46.208 11032-11076 gralloc4                com.example.houserentappproject      I  @set_metadata: update dataspace from GM (0x00000000 -> 0x08010000)
2025-05-08 08:58:46.224 11032-11076 gralloc4                com.example.houserentappproject      I  @set_metadata: update dataspace from GM (0x00000000 -> 0x08010000)
2025-05-08 08:58:46.241 11032-11076 gralloc4                com.example.houserentappproject      I  @set_metadata: update dataspace from GM (0x00000000 -> 0x08010000)
2025-05-08 08:58:46.258 11032-11076 gralloc4                com.example.houserentappproject      I  @set_metadata: update dataspace from GM (0x00000000 -> 0x08010000)
2025-05-08 08:58:46.274 11032-11076 gralloc4                com.example.houserentappproject      I  @set_metadata: update dataspace from GM (0x00000000 -> 0x08010000)
2025-05-08 08:58:46.292 11032-11076 gralloc4                com.example.houserentappproject      I  @set_metadata: update dataspace from GM (0x00000000 -> 0x08010000)
2025-05-08 08:58:46.307 11032-11076 gralloc4                com.example.houserentappproject      I  @set_metadata: update dataspace from GM (0x00000000 -> 0x08010000)
2025-05-08 08:58:46.323 11032-11076 gralloc4                com.example.houserentappproject      I  @set_metadata: update dataspace from GM (0x00000000 -> 0x08010000)
2025-05-08 08:58:46.340 11032-11076 gralloc4                com.example.houserentappproject      I  @set_metadata: update dataspace from GM (0x00000000 -> 0x08010000)
2025-05-08 08:58:46.357 11032-11076 gralloc4                com.example.houserentappproject      I  @set_metadata: update dataspace from GM (0x00000000 -> 0x08010000)
2025-05-08 08:58:46.373 11032-11076 gralloc4                com.example.houserentappproject      I  @set_metadata: update dataspace from GM (0x00000000 -> 0x08010000)
2025-05-08 08:58:46.390 11032-11076 gralloc4                com.example.houserentappproject      I  @set_metadata: update dataspace from GM (0x00000000 -> 0x08010000)
2025-05-08 08:58:46.407 11032-11076 gralloc4                com.example.houserentappproject      I  @set_metadata: update dataspace from GM (0x00000000 -> 0x08010000)
2025-05-08 08:58:46.424 11032-11076 gralloc4                com.example.houserentappproject      I  @set_metadata: update dataspace from GM (0x00000000 -> 0x08010000)
2025-05-08 08:58:46.439 11032-11076 gralloc4                com.example.houserentappproject      I  @set_metadata: update dataspace from GM (0x00000000 -> 0x08010000)
2025-05-08 08:58:46.456 11032-11076 gralloc4                com.example.houserentappproject      I  @set_metadata: update dataspace from GM (0x00000000 -> 0x08010000)
2025-05-08 08:58:46.472 11032-11076 gralloc4                com.example.houserentappproject      I  @set_metadata: update dataspace from GM (0x00000000 -> 0x08010000)
2025-05-08 08:58:46.490 11032-11076 gralloc4                com.example.houserentappproject      I  @set_metadata: update dataspace from GM (0x00000000 -> 0x08010000)
2025-05-08 08:58:46.506 11032-11076 gralloc4                com.example.houserentappproject      I  @set_metadata: update dataspace from GM (0x00000000 -> 0x08010000)
2025-05-08 08:58:46.522 11032-11076 gralloc4                com.example.houserentappproject      I  @set_metadata: update dataspace from GM (0x00000000 -> 0x08010000)
2025-05-08 08:58:46.539 11032-11076 gralloc4                com.example.houserentappproject      I  @set_metadata: update dataspace from GM (0x00000000 -> 0x08010000)
2025-05-08 08:58:46.555 11032-11076 gralloc4                com.example.houserentappproject      I  @set_metadata: update dataspace from GM (0x00000000 -> 0x08010000)
2025-05-08 08:58:46.572 11032-11076 gralloc4                com.example.houserentappproject      I  @set_metadata: update dataspace from GM (0x00000000 -> 0x08010000)
2025-05-08 08:58:46.589 11032-11076 gralloc4                com.example.houserentappproject      I  @set_metadata: update dataspace from GM (0x00000000 -> 0x08010000)
2025-05-08 08:58:46.605 11032-11076 gralloc4                com.example.houserentappproject      I  @set_metadata: update dataspace from GM (0x00000000 -> 0x08010000)
2025-05-08 08:58:46.621 11032-11076 gralloc4                com.example.houserentappproject      I  @set_metadata: update dataspace from GM (0x00000000 -> 0x08010000)
2025-05-08 08:58:46.638 11032-11076 gralloc4                com.example.houserentappproject      I  @set_metadata: update dataspace from GM (0x00000000 -> 0x08010000)
2025-05-08 08:58:46.654 11032-11076 gralloc4                com.example.houserentappproject      I  @set_metadata: update dataspace from GM (0x00000000 -> 0x08010000)
2025-05-08 08:58:46.671 11032-11076 gralloc4                com.example.houserentappproject      I  @set_metadata: update dataspace from GM (0x00000000 -> 0x08010000)
2025-05-08 08:58:46.687 11032-11076 gralloc4                com.example.houserentappproject      I  @set_metadata: update dataspace from GM (0x00000000 -> 0x08010000)
2025-05-08 08:58:46.704 11032-11076 gralloc4                com.example.houserentappproject      I  @set_metadata: update dataspace from GM (0x00000000 -> 0x08010000)
2025-05-08 08:58:46.721 11032-11076 gralloc4                com.example.houserentappproject      I  @set_metadata: update dataspace from GM (0x00000000 -> 0x08010000)
2025-05-08 08:58:46.737 11032-11076 gralloc4                com.example.houserentappproject      I  @set_metadata: update dataspace from GM (0x00000000 -> 0x08010000)
2025-05-08 08:58:46.754 11032-11076 gralloc4                com.example.houserentappproject      I  @set_metadata: update dataspace from GM (0x00000000 -> 0x08010000)
2025-05-08 08:58:46.770 11032-11076 gralloc4                com.example.houserentappproject      I  @set_metadata: update dataspace from GM (0x00000000 -> 0x08010000)
2025-05-08 08:58:46.787 11032-11076 gralloc4                com.example.houserentappproject      I  @set_metadata: update dataspace from GM (0x00000000 -> 0x08010000)
2025-05-08 08:58:46.803 11032-11076 gralloc4                com.example.houserentappproject      I  @set_metadata: update dataspace from GM (0x00000000 -> 0x08010000)
2025-05-08 08:58:46.820 11032-11076 gralloc4                com.example.houserentappproject      I  @set_metadata: update dataspace from GM (0x00000000 -> 0x08010000)
2025-05-08 08:58:46.837 11032-11076 gralloc4                com.example.houserentappproject      I  @set_metadata: update dataspace from GM (0x00000000 -> 0x08010000)
2025-05-08 08:58:46.853 11032-11076 gralloc4                com.example.houserentappproject      I  @set_metadata: update dataspace from GM (0x00000000 -> 0x08010000)
2025-05-08 08:58:46.869 11032-11076 gralloc4                com.example.houserentappproject      I  @set_metadata: update dataspace from GM (0x00000000 -> 0x08010000)
2025-05-08 08:58:46.886 11032-11076 gralloc4                com.example.houserentappproject      I  @set_metadata: update dataspace from GM (0x00000000 -> 0x08010000)
2025-05-08 08:58:46.902 11032-11076 gralloc4                com.example.houserentappproject      I  @set_metadata: update dataspace from GM (0x00000000 -> 0x08010000)
2025-05-08 08:58:46.919 11032-11076 gralloc4                com.example.houserentappproject      I  @set_metadata: update dataspace from GM (0x00000000 -> 0x08010000)
2025-05-08 08:58:46.936 11032-11076 gralloc4                com.example.houserentappproject      I  @set_metadata: update dataspace from GM (0x00000000 -> 0x08010000)
2025-05-08 08:58:46.952 11032-11076 gralloc4                com.example.houserentappproject      I  @set_metadata: update dataspace from GM (0x00000000 -> 0x08010000)
2025-05-08 08:58:46.970 11032-11076 gralloc4                com.example.houserentappproject      I  @set_metadata: update dataspace from GM (0x00000000 -> 0x08010000)
2025-05-08 08:58:46.985 11032-11076 gralloc4                com.example.houserentappproject      I  @set_metadata: update dataspace from GM (0x00000000 -> 0x08010000)
2025-05-08 08:58:47.002 11032-11076 gralloc4                com.example.houserentappproject      I  @set_metadata: update dataspace from GM (0x00000000 -> 0x08010000)
2025-05-08 08:58:47.018 11032-11076 gralloc4                com.example.houserentappproject      I  @set_metadata: update dataspace from GM (0x00000000 -> 0x08010000)
2025-05-08 08:58:47.035 11032-11076 gralloc4                com.example.houserentappproject      I  @set_metadata: update dataspace from GM (0x00000000 -> 0x08010000)
2025-05-08 08:58:47.052 11032-11076 gralloc4                com.example.houserentappproject      I  @set_metadata: update dataspace from GM (0x00000000 -> 0x08010000)
2025-05-08 08:58:47.068 11032-11076 gralloc4                com.example.houserentappproject      I  @set_metadata: update dataspace from GM (0x00000000 -> 0x08010000)
2025-05-08 08:58:47.084 11032-11076 gralloc4                com.example.houserentappproject      I  @set_metadata: update dataspace from GM (0x00000000 -> 0x08010000)
2025-05-08 08:58:47.101 11032-11076 gralloc4                com.example.houserentappproject      I  @set_metadata: update dataspace from GM (0x00000000 -> 0x08010000)
2025-05-08 08:58:47.118 11032-11076 gralloc4                com.example.houserentappproject      I  @set_metadata: update dataspace from GM (0x00000000 -> 0x08010000)
2025-05-08 08:58:47.134 11032-11076 gralloc4                com.example.houserentappproject      I  @set_metadata: update dataspace from GM (0x00000000 -> 0x08010000)
2025-05-08 08:58:47.151 11032-11076 gralloc4                com.example.houserentappproject      I  @set_metadata: update dataspace from GM (0x00000000 -> 0x08010000)
2025-05-08 08:58:47.167 11032-11076 gralloc4                com.example.houserentappproject      I  @set_metadata: update dataspace from GM (0x00000000 -> 0x08010000)
2025-05-08 08:58:47.184 11032-11076 gralloc4                com.example.houserentappproject      I  @set_metadata: update dataspace from GM (0x00000000 -> 0x08010000)
2025-05-08 08:58:47.200 11032-11076 gralloc4                com.example.houserentappproject      I  @set_metadata: update dataspace from GM (0x00000000 -> 0x08010000)
2025-05-08 08:58:47.217 11032-11076 gralloc4                com.example.houserentappproject      I  @set_metadata: update dataspace from GM (0x00000000 -> 0x08010000)
2025-05-08 08:58:47.233 11032-11076 gralloc4                com.example.houserentappproject      I  @set_metadata: update dataspace from GM (0x00000000 -> 0x08010000)
2025-05-08 08:58:47.250 11032-11076 gralloc4                com.example.houserentappproject      I  @set_metadata: update dataspace from GM (0x00000000 -> 0x08010000)
2025-05-08 08:58:47.267 11032-11076 gralloc4                com.example.houserentappproject      I  @set_metadata: update dataspace from GM (0x00000000 -> 0x08010000)
2025-05-08 08:58:47.283 11032-11076 gralloc4                com.example.houserentappproject      I  @set_metadata: update dataspace from GM (0x00000000 -> 0x08010000)
2025-05-08 08:58:47.299 11032-11076 gralloc4                com.example.houserentappproject      I  @set_metadata: update dataspace from GM (0x00000000 -> 0x08010000)
2025-05-08 08:58:47.316 11032-11076 gralloc4                com.example.houserentappproject      I  @set_metadata: update dataspace from GM (0x00000000 -> 0x08010000)
2025-05-08 08:58:47.333 11032-11076 gralloc4                com.example.houserentappproject      I  @set_metadata: update dataspace from GM (0x00000000 -> 0x08010000)
2025-05-08 08:58:47.349 11032-11076 gralloc4                com.example.houserentappproject      I  @set_metadata: update dataspace from GM (0x00000000 -> 0x08010000)
2025-05-08 08:58:47.366 11032-11076 gralloc4                com.example.houserentappproject      I  @set_metadata: update dataspace from GM (0x00000000 -> 0x08010000)
2025-05-08 08:58:47.382 11032-11076 gralloc4                com.example.houserentappproject      I  @set_metadata: update dataspace from GM (0x00000000 -> 0x08010000)
2025-05-08 08:58:47.398 11032-11076 gralloc4                com.example.houserentappproject      I  @set_metadata: update dataspace from GM (0x00000000 -> 0x08010000)
2025-05-08 08:58:47.415 11032-11076 gralloc4                com.example.houserentappproject      I  @set_metadata: update dataspace from GM (0x00000000 -> 0x08010000)
2025-05-08 08:58:47.431 11032-11076 gralloc4                com.example.houserentappproject      I  @set_metadata: update dataspace from GM (0x00000000 -> 0x08010000)
2025-05-08 08:58:47.448 11032-11076 gralloc4                com.example.houserentappproject      I  @set_metadata: update dataspace from GM (0x00000000 -> 0x08010000)
2025-05-08 08:58:47.464 11032-11076 gralloc4                com.example.houserentappproject      I  @set_metadata: update dataspace from GM (0x00000000 -> 0x08010000)
2025-05-08 08:58:47.481 11032-11076 gralloc4                com.example.houserentappproject      I  @set_metadata: update dataspace from GM (0x00000000 -> 0x08010000)
2025-05-08 08:58:47.497 11032-11076 gralloc4                com.example.houserentappproject      I  @set_metadata: update dataspace from GM (0x00000000 -> 0x08010000)
2025-05-08 08:58:47.515 11032-11076 gralloc4                com.example.houserentappproject      I  @set_metadata: update dataspace from GM (0x00000000 -> 0x08010000)
2025-05-08 08:58:47.531 11032-11076 gralloc4                com.example.houserentappproject      I  @set_metadata: update dataspace from GM (0x00000000 -> 0x08010000)
2025-05-08 08:58:47.547 11032-11076 gralloc4                com.example.houserentappproject      I  @set_metadata: update dataspace from GM (0x00000000 -> 0x08010000)
2025-05-08 08:58:47.564 11032-11076 gralloc4                com.example.houserentappproject      I  @set_metadata: update dataspace from GM (0x00000000 -> 0x08010000)
2025-05-08 08:58:47.580 11032-11076 gralloc4                com.example.houserentappproject      I  @set_metadata: update dataspace from GM (0x00000000 -> 0x08010000)
2025-05-08 08:58:47.597 11032-11076 gralloc4                com.example.houserentappproject      I  @set_metadata: update dataspace from GM (0x00000000 -> 0x08010000)
2025-05-08 08:58:47.614 11032-11076 gralloc4                com.example.houserentappproject      I  @set_metadata: update dataspace from GM (0x00000000 -> 0x08010000)
2025-05-08 08:58:47.630 11032-11076 gralloc4                com.example.houserentappproject      I  @set_metadata: update dataspace from GM (0x00000000 -> 0x08010000)
2025-05-08 08:58:47.646 11032-11076 gralloc4                com.example.houserentappproject      I  @set_metadata: update dataspace from GM (0x00000000 -> 0x08010000)
2025-05-08 08:58:47.663 11032-11076 gralloc4                com.example.houserentappproject      I  @set_metadata: update dataspace from GM (0x00000000 -> 0x08010000)
2025-05-08 08:58:47.680 11032-11076 gralloc4                com.example.houserentappproject      I  @set_metadata: update dataspace from GM (0x00000000 -> 0x08010000)
2025-05-08 08:58:47.696 11032-11076 gralloc4                com.example.houserentappproject      I  @set_metadata: update dataspace from GM (0x00000000 -> 0x08010000)
2025-05-08 08:58:47.712 11032-11076 gralloc4                com.example.houserentappproject      I  @set_metadata: update dataspace from GM (0x00000000 -> 0x08010000)
2025-05-08 08:58:47.729 11032-11076 gralloc4                com.example.houserentappproject      I  @set_metadata: update dataspace from GM (0x00000000 -> 0x08010000)
2025-05-08 08:58:47.746 11032-11076 gralloc4                com.example.houserentappproject      I  @set_metadata: update dataspace from GM (0x00000000 -> 0x08010000)
2025-05-08 08:58:47.763 11032-11076 gralloc4                com.example.houserentappproject      I  @set_metadata: update dataspace from GM (0x00000000 -> 0x08010000)
2025-05-08 08:58:47.779 11032-11076 gralloc4                com.example.houserentappproject      I  @set_metadata: update dataspace from GM (0x00000000 -> 0x08010000)
2025-05-08 08:58:47.795 11032-11076 gralloc4                com.example.houserentappproject      I  @set_metadata: update dataspace from GM (0x00000000 -> 0x08010000)
2025-05-08 08:58:47.811 11032-11076 gralloc4                com.example.houserentappproject      I  @set_metadata: update dataspace from GM (0x00000000 -> 0x08010000)
2025-05-08 08:58:47.829 11032-11076 gralloc4                com.example.houserentappproject      I  @set_metadata: update dataspace from GM (0x00000000 -> 0x08010000)
2025-05-08 08:58:47.845 11032-11076 gralloc4                com.example.houserentappproject      I  @set_metadata: update dataspace from GM (0x00000000 -> 0x08010000)
2025-05-08 08:58:47.861 11032-11076 gralloc4                com.example.houserentappproject      I  @set_metadata: update dataspace from GM (0x00000000 -> 0x08010000)
2025-05-08 08:58:47.878 11032-11076 gralloc4                com.example.houserentappproject      I  @set_metadata: update dataspace from GM (0x00000000 -> 0x08010000)
2025-05-08 08:58:47.894 11032-11076 gralloc4                com.example.houserentappproject      I  @set_metadata: update dataspace from GM (0x00000000 -> 0x08010000)
2025-05-08 08:58:47.911 11032-11076 gralloc4                com.example.houserentappproject      I  @set_metadata: update dataspace from GM (0x00000000 -> 0x08010000)
2025-05-08 08:58:47.928 11032-11076 gralloc4                com.example.houserentappproject      I  @set_metadata: update dataspace from GM (0x00000000 -> 0x08010000)
2025-05-08 08:58:47.944 11032-11076 gralloc4                com.example.houserentappproject      I  @set_metadata: update dataspace from GM (0x00000000 -> 0x08010000)
2025-05-08 08:58:47.960 11032-11076 gralloc4                com.example.houserentappproject      I  @set_metadata: update dataspace from GM (0x00000000 -> 0x08010000)
2025-05-08 08:58:47.977 11032-11076 gralloc4                com.example.houserentappproject      I  @set_metadata: update dataspace from GM (0x00000000 -> 0x08010000)
2025-05-08 08:58:47.994 11032-11076 gralloc4                com.example.houserentappproject      I  @set_metadata: update dataspace from GM (0x00000000 -> 0x08010000)
2025-05-08 08:58:48.010 11032-11076 gralloc4                com.example.houserentappproject      I  @set_metadata: update dataspace from GM (0x00000000 -> 0x08010000)
2025-05-08 08:58:48.027 11032-11076 gralloc4                com.example.houserentappproject      I  @set_metadata: update dataspace from GM (0x00000000 -> 0x08010000)
2025-05-08 08:58:48.043 11032-11076 gralloc4                com.example.houserentappproject      I  @set_metadata: update dataspace from GM (0x00000000 -> 0x08010000)
2025-05-08 08:58:48.060 11032-11076 gralloc4                com.example.houserentappproject      I  @set_metadata: update dataspace from GM (0x00000000 -> 0x08010000)
2025-05-08 08:58:48.076 11032-11076 gralloc4                com.example.houserentappproject      I  @set_metadata: update dataspace from GM (0x00000000 -> 0x08010000)
2025-05-08 08:58:48.093 11032-11076 gralloc4                com.example.houserentappproject      I  @set_metadata: update dataspace from GM (0x00000000 -> 0x08010000)
2025-05-08 08:58:48.109 11032-11076 gralloc4                com.example.houserentappproject      I  @set_metadata: update dataspace from GM (0x00000000 -> 0x08010000)
2025-05-08 08:58:48.126 11032-11076 gralloc4                com.example.houserentappproject      I  @set_metadata: update dataspace from GM (0x00000000 -> 0x08010000)
2025-05-08 08:58:48.142 11032-11076 gralloc4                com.example.houserentappproject      I  @set_metadata: update dataspace from GM (0x00000000 -> 0x08010000)
2025-05-08 08:58:48.159 11032-11076 gralloc4                com.example.houserentappproject      I  @set_metadata: update dataspace from GM (0x00000000 -> 0x08010000)
2025-05-08 08:58:48.175 11032-11076 gralloc4                com.example.houserentappproject      I  @set_metadata: update dataspace from GM (0x00000000 -> 0x08010000)
2025-05-08 08:58:48.192 11032-11076 gralloc4                com.example.houserentappproject      I  @set_metadata: update dataspace from GM (0x00000000 -> 0x08010000)
2025-05-08 08:58:48.209 11032-11076 gralloc4                com.example.houserentappproject      I  @set_metadata: update dataspace from GM (0x00000000 -> 0x08010000)
2025-05-08 08:58:48.225 11032-11076 gralloc4                com.example.houserentappproject      I  @set_metadata: update dataspace from GM (0x00000000 -> 0x08010000)
2025-05-08 08:58:48.242 11032-11076 gralloc4                com.example.houserentappproject      I  @set_metadata: update dataspace from GM (0x00000000 -> 0x08010000)
2025-05-08 08:58:48.258 11032-11076 gralloc4                com.example.houserentappproject      I  @set_metadata: update dataspace from GM (0x00000000 -> 0x08010000)
2025-05-08 08:58:48.274 11032-11076 gralloc4                com.example.houserentappproject      I  @set_metadata: update dataspace from GM (0x00000000 -> 0x08010000)
2025-05-08 08:58:48.291 11032-11076 gralloc4                com.example.houserentappproject      I  @set_metadata: update dataspace from GM (0x00000000 -> 0x08010000)
2025-05-08 08:58:48.307 11032-11076 gralloc4                com.example.houserentappproject      I  @set_metadata: update dataspace from GM (0x00000000 -> 0x08010000)
