--------- beginning of main
2025-05-08 08:58:34.357 11032-11076 gralloc4                com.example.houserentappproject      I  @set_metadata: update dataspace from GM (0x00000000 -> 0x08010000)
2025-05-08 08:58:34.373 11032-11076 gralloc4                com.example.houserentappproject      I  @set_metadata: update dataspace from GM (0x00000000 -> 0x08010000)
2025-05-08 08:58:34.389 11032-11076 gralloc4                com.example.houserentappproject      I  @set_metadata: update dataspace from GM (0x00000000 -> 0x08010000)
2025-05-08 08:58:34.407 11032-11076 gralloc4                com.example.houserentappproject      I  @set_metadata: update dataspace from GM (0x00000000 -> 0x08010000)
2025-05-08 08:58:34.423 11032-11076 gralloc4                com.example.houserentappproject      I  @set_metadata: update dataspace from GM (0x00000000 -> 0x08010000)
2025-05-08 08:58:34.439 11032-11076 gralloc4                com.example.houserentappproject      I  @set_metadata: update dataspace from GM (0x00000000 -> 0x08010000)
2025-05-08 08:58:34.456 11032-11076 gralloc4                com.example.houserentappproject      I  @set_metadata: update dataspace from GM (0x00000000 -> 0x08010000)
2025-05-08 08:58:34.473 11032-11076 gralloc4                com.example.houserentappproject      I  @set_metadata: update dataspace from GM (0x00000000 -> 0x08010000)
2025-05-08 08:58:34.488 11032-11076 gralloc4                com.example.houserentappproject      I  @set_metadata: update dataspace from GM (0x00000000 -> 0x08010000)
2025-05-08 08:58:34.506 11032-11076 gralloc4                com.example.houserentappproject      I  @set_metadata: update dataspace from GM (0x00000000 -> 0x08010000)
2025-05-08 08:58:34.522 11032-11076 gralloc4                com.example.houserentappproject      I  @set_metadata: update dataspace from GM (0x00000000 -> 0x08010000)
2025-05-08 08:58:34.540 11032-11076 gralloc4                com.example.houserentappproject      I  @set_metadata: update dataspace from GM (0x00000000 -> 0x08010000)
2025-05-08 08:58:34.555 11032-11076 gralloc4                com.example.houserentappproject      I  @set_metadata: update dataspace from GM (0x00000000 -> 0x08010000)
2025-05-08 08:58:34.572 11032-11076 gralloc4                com.example.houserentappproject      I  @set_metadata: update dataspace from GM (0x00000000 -> 0x08010000)
2025-05-08 08:58:34.589 11032-11076 gralloc4                com.example.houserentappproject      I  @set_metadata: update dataspace from GM (0x00000000 -> 0x08010000)
2025-05-08 08:58:34.605 11032-11076 gralloc4                com.example.houserentappproject      I  @set_metadata: update dataspace from GM (0x00000000 -> 0x08010000)
2025-05-08 08:58:34.622 11032-11076 gralloc4                com.example.houserentappproject      I  @set_metadata: update dataspace from GM (0x00000000 -> 0x08010000)
2025-05-08 08:58:34.638 11032-11076 gralloc4                com.example.houserentappproject      I  @set_metadata: update dataspace from GM (0x00000000 -> 0x08010000)
2025-05-08 08:58:34.654 11032-11076 gralloc4                com.example.houserentappproject      I  @set_metadata: update dataspace from GM (0x00000000 -> 0x08010000)
2025-05-08 08:58:34.672 11032-11076 gralloc4                com.example.houserentappproject      I  @set_metadata: update dataspace from GM (0x00000000 -> 0x08010000)
2025-05-08 08:58:34.688 11032-11076 gralloc4                com.example.houserentappproject      I  @set_metadata: update dataspace from GM (0x00000000 -> 0x08010000)
2025-05-08 08:58:34.704 11032-11076 gralloc4                com.example.houserentappproject      I  @set_metadata: update dataspace from GM (0x00000000 -> 0x08010000)
2025-05-08 08:58:34.721 11032-11076 gralloc4                com.example.houserentappproject      I  @set_metadata: update dataspace from GM (0x00000000 -> 0x08010000)
2025-05-08 08:58:34.737 11032-11076 gralloc4                com.example.houserentappproject      I  @set_metadata: update dataspace from GM (0x00000000 -> 0x08010000)
2025-05-08 08:58:34.753 11032-11076 gralloc4                com.example.houserentappproject      I  @set_metadata: update dataspace from GM (0x00000000 -> 0x08010000)
2025-05-08 08:58:34.769 11032-11076 gralloc4                com.example.houserentappproject      I  @set_metadata: update dataspace from GM (0x00000000 -> 0x08010000)
2025-05-08 08:58:34.787 11032-11076 gralloc4                com.example.houserentappproject      I  @set_metadata: update dataspace from GM (0x00000000 -> 0x08010000)
2025-05-08 08:58:34.803 11032-11076 gralloc4                com.example.houserentappproject      I  @set_metadata: update dataspace from GM (0x00000000 -> 0x08010000)
2025-05-08 08:58:34.820 11032-11076 gralloc4                com.example.houserentappproject      I  @set_metadata: update dataspace from GM (0x00000000 -> 0x08010000)
2025-05-08 08:58:34.836 11032-11076 gralloc4                com.example.houserentappproject      I  @set_metadata: update dataspace from GM (0x00000000 -> 0x08010000)
2025-05-08 08:58:34.853 11032-11076 gralloc4                com.example.houserentappproject      I  @set_metadata: update dataspace from GM (0x00000000 -> 0x08010000)
2025-05-08 08:58:34.869 11032-11076 gralloc4                com.example.houserentappproject      I  @set_metadata: update dataspace from GM (0x00000000 -> 0x08010000)
2025-05-08 08:58:34.886 11032-11076 gralloc4                com.example.houserentappproject      I  @set_metadata: update dataspace from GM (0x00000000 -> 0x08010000)
2025-05-08 08:58:34.902 11032-11076 gralloc4                com.example.houserentappproject      I  @set_metadata: update dataspace from GM (0x00000000 -> 0x08010000)
2025-05-08 08:58:34.919 11032-11076 gralloc4                com.example.houserentappproject      I  @set_metadata: update dataspace from GM (0x00000000 -> 0x08010000)
2025-05-08 08:58:34.935 11032-11076 gralloc4                com.example.houserentappproject      I  @set_metadata: update dataspace from GM (0x00000000 -> 0x08010000)
2025-05-08 08:58:34.952 11032-11076 gralloc4                com.example.houserentappproject      I  @set_metadata: update dataspace from GM (0x00000000 -> 0x08010000)
2025-05-08 08:58:34.968 11032-11076 gralloc4                com.example.houserentappproject      I  @set_metadata: update dataspace from GM (0x00000000 -> 0x08010000)
2025-05-08 08:58:34.986 11032-11076 gralloc4                com.example.houserentappproject      I  @set_metadata: update dataspace from GM (0x00000000 -> 0x08010000)
2025-05-08 08:58:35.002 11032-11076 gralloc4                com.example.houserentappproject      I  @set_metadata: update dataspace from GM (0x00000000 -> 0x08010000)
--------- beginning of system
2025-05-08 08:58:35.016 11032-11076 gralloc4                com.example.houserentappproject      I  @set_metadata: update dataspace from GM (0x00000000 -> 0x08010000)
2025-05-08 08:58:35.032 11032-11076 gralloc4                com.example.houserentappproject      I  @set_metadata: update dataspace from GM (0x00000000 -> 0x08010000)
2025-05-08 08:58:35.048 11032-11076 gralloc4                com.example.houserentappproject      I  @set_metadata: update dataspace from GM (0x00000000 -> 0x08010000)
2025-05-08 08:58:35.065 11032-11076 gralloc4                com.example.houserentappproject      I  @set_metadata: update dataspace from GM (0x00000000 -> 0x08010000)
2025-05-08 08:58:35.081 11032-11076 gralloc4                com.example.houserentappproject      I  @set_metadata: update dataspace from GM (0x00000000 -> 0x08010000)
2025-05-08 08:58:35.097 11032-11076 gralloc4                com.example.houserentappproject      I  @set_metadata: update dataspace from GM (0x00000000 -> 0x08010000)
2025-05-08 08:58:35.114 11032-11076 gralloc4                com.example.houserentappproject      I  @set_metadata: update dataspace from GM (0x00000000 -> 0x08010000)
2025-05-08 08:58:35.121 11032-11032 MIUIInput               com.example.houserentappproject      D  [KeyEvent] ViewRootImpl windowName 'sendBackKeyEvent-com.example.houserentappproject/com.example.houserentappproject.activity_house_listing', KeyEvent { action=ACTION_DOWN, keyCode=KEYCODE_BACK, scanCode=0, metaState=0, flags=0x48, repeatCount=0, eventTime=92004774000000, downTime=92004774000000, deviceId=-1, source=0x101, displayId=-1 }, phoneEventTime=08:58:35.119
2025-05-08 08:58:35.122 11032-11032 MIUIInput               com.example.houserentappproject      D  [KeyEvent] ViewRootImpl windowName 'sendBackKeyEvent-com.example.houserentappproject/com.example.houserentappproject.activity_house_listing', KeyEvent { action=ACTION_UP, keyCode=KEYCODE_BACK, scanCode=0, metaState=0, flags=0x48, repeatCount=0, eventTime=92004776000000, downTime=92004776000000, deviceId=-1, source=0x101, displayId=-1 }, phoneEventTime=08:58:35.121
2025-05-08 08:58:35.131 11032-11032 VRI[activi...e_listing] com.example.houserentappproject      V  [ANR Warning]Input routeing takes more than 6000ms since 2025-05-08 08:58:26.595, this = com.mediatek.view.impl.ViewDebugManagerImpl@4dc8587
2025-05-08 08:58:35.132 11032-11076 gralloc4                com.example.houserentappproject      I  @set_metadata: update dataspace from GM (0x00000000 -> 0x08010000)
2025-05-08 08:58:35.132 11032-11032 VRI[activi...e_listing] com.example.houserentappproject      V  Input event delivered to android.view.ViewRootImpl$ImeInputStage@da1ffa at 2025-05-08 08:58:35.123
2025-05-08 08:58:35.133 11032-11032 VRI[activi...e_listing] com.example.houserentappproject      V  Input event delivered to android.view.ViewRootImpl$EarlyPostImeInputStage@7f9f9ab at 2025-05-08 08:58:35.124
2025-05-08 08:58:35.134 11032-11032 VRI[activi...e_listing] com.example.houserentappproject      V  Input event delivered to android.view.ViewRootImpl$NativePreImeInputStage@f2b361c at 2025-05-08 08:58:35.123
2025-05-08 08:58:35.135 11032-11032 VRI[activi...e_listing] com.example.houserentappproject      V  Input event delivered to android.view.ViewRootImpl$NativePostImeInputStage@4c39808 at 2025-05-08 08:58:35.124
2025-05-08 08:58:35.136 11032-11032 VRI[activi...e_listing] com.example.houserentappproject      V  Input event delivered to android.view.ViewRootImpl$ViewPostImeInputStage@dca5ba1 at 2025-05-08 08:58:35.124
2025-05-08 08:58:35.137 11032-11032 VRI[activi...e_listing] com.example.houserentappproject      V  Input event delivered to android.view.ViewRootImpl$SyntheticInputStage@69a41c6 at 2025-05-08 08:58:35.125
2025-05-08 08:58:35.137 11032-11032 VRI[activi...e_listing] com.example.houserentappproject      V  Input event delivered to android.view.ViewRootImpl$ViewPreImeInputStage@58ac225 at 2025-05-08 08:58:35.123
2025-05-08 08:58:35.143 11032-11032 VRI[activi...e_listing] com.example.houserentappproject      V  [ANR Warning]Input routeing takes more than 6000ms since 2025-05-08 08:58:26.595, this = com.mediatek.view.impl.ViewDebugManagerImpl@4dc8587
2025-05-08 08:58:35.143 11032-11032 VRI[activi...e_listing] com.example.houserentappproject      V  Input event delivered to android.view.ViewRootImpl$EarlyPostImeInputStage@7f9f9ab at 2025-05-08 08:58:35.138
2025-05-08 08:58:35.144 11032-11032 VRI[activi...e_listing] com.example.houserentappproject      V  Input event delivered to android.view.ViewRootImpl$NativePostImeInputStage@4c39808 at 2025-05-08 08:58:35.138
2025-05-08 08:58:35.145 11032-11032 VRI[activi...e_listing] com.example.houserentappproject      V  Input event delivered to android.view.ViewRootImpl$ViewPostImeInputStage@dca5ba1 at 2025-05-08 08:58:35.138
2025-05-08 08:58:35.146 11032-11032 VRI[activi...e_listing] com.example.houserentappproject      V  Input event delivered to android.view.ViewRootImpl$SyntheticInputStage@69a41c6 at 2025-05-08 08:58:35.140
2025-05-08 08:58:35.149 11032-11076 gralloc4                com.example.houserentappproject      I  @set_metadata: update dataspace from GM (0x00000000 -> 0x08010000)
2025-05-08 08:58:35.164 11032-11076 gralloc4                com.example.houserentappproject      I  @set_metadata: update dataspace from GM (0x00000000 -> 0x08010000)
2025-05-08 08:58:35.180 11032-11076 gralloc4                com.example.houserentappproject      I  @set_metadata: update dataspace from GM (0x00000000 -> 0x08010000)
2025-05-08 08:58:35.193   910-1754  BufferQueueDebug        surfaceflinger                       E  [com.example.houserentappproject/com.example.houserentappproject.activity_neworexistinguser#37375](this:0xb400007a569fba30,id:-1,api:0,p:-1,c:-1) id info cannot be read from 'com.example.houserentappproject/com.example.houserentappproject.activity_neworexistinguser#37375'
2025-05-08 08:58:35.198 11032-11076 gralloc4                com.example.houserentappproject      I  @set_metadata: update dataspace from GM (0x00000000 -> 0x08010000)
2025-05-08 08:58:35.206 11032-11032 BufferQueueConsumer     com.example.houserentappproject      D  [](id:2b1800000005,api:0,p:-1,c:11032) connect: controlledByApp=false
2025-05-08 08:58:35.207 11032-11076 OpenGLRenderer          com.example.houserentappproject      E  Unable to match the desired swap behavior.
2025-05-08 08:58:35.207 11032-11032 VRI[activi...stinguser] com.example.houserentappproject      D  vri.reportNextDraw android.view.ViewRootImpl.performTraversals:4376 android.view.ViewRootImpl.doTraversal:2992 android.view.ViewRootImpl$TraversalRunnable.run:10469 android.view.Choreographer$CallbackRecord.run:1671 android.view.Choreographer$CallbackRecord.run:1680 
2025-05-08 08:58:35.207 11032-11032 VRI[activi...stinguser] com.example.houserentappproject      D  vri.Setup new sync=wmsSync-VRI[activity_neworexistinguser]#10
2025-05-08 08:58:35.214 11032-11076 gralloc4                com.example.houserentappproject      I  @set_metadata: update dataspace from GM (0x00000000 -> 0x08010000)
2025-05-08 08:58:35.225 11032-11076 BLASTBufferQueue        com.example.houserentappproject      D  [VRI[activity_neworexistinguser]#5](f:0,a:1) acquireNextBufferLocked size=1080x2400 mFrameNumber=1 applyTransaction=true mTimestamp=92004880369329(auto) mPendingTransactions.size=0 graphicBufferId=47382079209493 transform=0
2025-05-08 08:58:35.226 11032-11032 VRI[activi...stinguser] com.example.houserentappproject      D  vri.reportDrawFinished
2025-05-08 08:58:35.230   910-1751  BufferQueueDebug        surfaceflinger                       E  [Transition Root: ActivityRecord{18cd3df u0 com.example.houserentappproject/.activity_house_listing t1641 f}}#37378](this:0xb400007a60cbfa30,id:-1,api:0,p:-1,c:-1) id info cannot be read from 'Transition Root: ActivityRecord{18cd3df u0 com.example.houserentappproject/.activity_house_listing t1641 f}}#37378'
2025-05-08 08:58:35.231 11032-11076 gralloc4                com.example.houserentappproject      I  @set_metadata: update dataspace from GM (0x00000000 -> 0x08010000)
2025-05-08 08:58:35.233   910-1751  BufferQueueDebug        surfaceflinger                       E  [57d775a ActivityRecordInputSink com.example.houserentappproject/.activity_neworexistinguser#37379](this:0xb400007a60d01a30,id:-1,api:0,p:-1,c:-1) id info cannot be read from '57d775a ActivityRecordInputSink com.example.houserentappproject/.activity_neworexistinguser#37379'
2025-05-08 08:58:35.235   910-970   BufferQueueDebug        surfaceflinger                       E  [DefaultTransition Dim Layer for - Surface(name=ActivityRecord{a656d8b u0 com.example.houserentappproject/.activity_neworexistinguser t1641})/@0x4043#37380](this:0xb400007a60b68a30,id:-1,api:0,p:-1,c:-1) id info cannot be read from 'DefaultTransition Dim Layer for - Surface(name=ActivityRecord{a656d8b u0 com.example.houserentappproject/.activity_neworexistinguser t1641})/@0x4043#37380'
2025-05-08 08:58:35.246 11032-11076 gralloc4                com.example.houserentappproject      I  @set_metadata: update dataspace from GM (0x00000000 -> 0x08010000)
2025-05-08 08:58:35.249 11032-11032 HandWritingStubImpl     com.example.houserentappproject      I  refreshLastKeyboardType: 1
2025-05-08 08:58:35.249 11032-11032 HandWritingStubImpl     com.example.houserentappproject      I  getCurrentKeyboardType: 1
2025-05-08 08:58:35.265 11032-11076 gralloc4                com.example.houserentappproject      I  @set_metadata: update dataspace from GM (0x00000000 -> 0x08010000)
2025-05-08 08:58:35.281 11032-11076 gralloc4                com.example.houserentappproject      I  @set_metadata: update dataspace from GM (0x00000000 -> 0x08010000)
2025-05-08 08:58:35.286  2340-2693  ActivityManagerWrapper  com.miui.home                        E  getRecentTasks: mainTaskId=1641   userId=0   windowMode=1   baseIntent=Intent { act=android.intent.action.MAIN flag=268435456 cmp=ComponentInfo{com.example.houserentappproject/com.example.houserentappproject.splash_activity} }
2025-05-08 08:58:35.297 11032-11076 gralloc4                com.example.houserentappproject      I  @set_metadata: update dataspace from GM (0x00000000 -> 0x08010000)
2025-05-08 08:58:35.302 11032-11076 gralloc4                com.example.houserentappproject      I  @set_metadata: update dataspace from GM (0x00000000 -> 0x08010000)
2025-05-08 08:58:35.303  2340-2693  ActivityManagerWrapper  com.miui.home                        E  getRecentTasks: mainTaskId=1641   userId=0   windowMode=1   baseIntent=Intent { act=android.intent.action.MAIN flag=268435456 cmp=ComponentInfo{com.example.houserentappproject/com.example.houserentappproject.splash_activity} }
2025-05-08 08:58:35.313 11032-11076 gralloc4                com.example.houserentappproject      I  @set_metadata: update dataspace from GM (0x00000000 -> 0x08010000)
2025-05-08 08:58:35.317 11032-11076 gralloc4                com.example.houserentappproject      I  @set_metadata: update dataspace from GM (0x00000000 -> 0x08010000)
2025-05-08 08:58:35.330 11032-11076 gralloc4                com.example.houserentappproject      I  @set_metadata: update dataspace from GM (0x00000000 -> 0x08010000)
2025-05-08 08:58:35.334 11032-11076 gralloc4                com.example.houserentappproject      I  @set_metadata: update dataspace from GM (0x00000000 -> 0x08010000)
2025-05-08 08:58:35.347 11032-11076 gralloc4                com.example.houserentappproject      I  @set_metadata: update dataspace from GM (0x00000000 -> 0x08010000)
2025-05-08 08:58:35.350 11032-11076 gralloc4                com.example.houserentappproject      I  @set_metadata: update dataspace from GM (0x00000000 -> 0x08010000)
2025-05-08 08:58:35.363 11032-11076 gralloc4                com.example.houserentappproject      I  @set_metadata: update dataspace from GM (0x00000000 -> 0x08010000)
2025-05-08 08:58:35.366 11032-11076 gralloc4                com.example.houserentappproject      I  @set_metadata: update dataspace from GM (0x00000000 -> 0x08010000)
2025-05-08 08:58:35.379 11032-11076 gralloc4                com.example.houserentappproject      I  @set_metadata: update dataspace from GM (0x00000000 -> 0x08010000)
2025-05-08 08:58:35.383 11032-11076 gralloc4                com.example.houserentappproject      I  @set_metadata: update dataspace from GM (0x00000000 -> 0x08010000)
2025-05-08 08:58:35.396 11032-11076 gralloc4                com.example.houserentappproject      I  @set_metadata: update dataspace from GM (0x00000000 -> 0x08010000)
2025-05-08 08:58:35.401 11032-11076 gralloc4                com.example.houserentappproject      I  @set_metadata: update dataspace from GM (0x00000000 -> 0x08010000)
2025-05-08 08:58:35.412 11032-11076 gralloc4                com.example.houserentappproject      I  @set_metadata: update dataspace from GM (0x00000000 -> 0x08010000)
2025-05-08 08:58:35.415 11032-11076 gralloc4                com.example.houserentappproject      I  @set_metadata: update dataspace from GM (0x00000000 -> 0x08010000)
2025-05-08 08:58:35.429 11032-11076 gralloc4                com.example.houserentappproject      I  @set_metadata: update dataspace from GM (0x00000000 -> 0x08010000)
2025-05-08 08:58:35.433 11032-11076 gralloc4                com.example.houserentappproject      I  @set_metadata: update dataspace from GM (0x00000000 -> 0x08010000)
2025-05-08 08:58:35.446 11032-11076 gralloc4                com.example.houserentappproject      I  @set_metadata: update dataspace from GM (0x00000000 -> 0x08010000)
2025-05-08 08:58:35.449 11032-11076 gralloc4                com.example.houserentappproject      I  @set_metadata: update dataspace from GM (0x00000000 -> 0x08010000)
2025-05-08 08:58:35.463 11032-11076 gralloc4                com.example.houserentappproject      I  @set_metadata: update dataspace from GM (0x00000000 -> 0x08010000)
2025-05-08 08:58:35.466 11032-11076 gralloc4                com.example.houserentappproject      I  @set_metadata: update dataspace from GM (0x00000000 -> 0x08010000)
2025-05-08 08:58:35.479 11032-11076 gralloc4                com.example.houserentappproject      I  @set_metadata: update dataspace from GM (0x00000000 -> 0x08010000)
2025-05-08 08:58:35.482 11032-11076 gralloc4                com.example.houserentappproject      I  @set_metadata: update dataspace from GM (0x00000000 -> 0x08010000)
2025-05-08 08:58:35.496 11032-11076 gralloc4                com.example.houserentappproject      I  @set_metadata: update dataspace from GM (0x00000000 -> 0x08010000)
2025-05-08 08:58:35.500 11032-11076 gralloc4                com.example.houserentappproject      I  @set_metadata: update dataspace from GM (0x00000000 -> 0x08010000)
2025-05-08 08:58:35.511 11032-11076 gralloc4                com.example.houserentappproject      I  @set_metadata: update dataspace from GM (0x00000000 -> 0x08010000)
2025-05-08 08:58:35.515 11032-11076 gralloc4                com.example.houserentappproject      I  @set_metadata: update dataspace from GM (0x00000000 -> 0x08010000)
2025-05-08 08:58:35.529 11032-11076 gralloc4                com.example.houserentappproject      I  @set_metadata: update dataspace from GM (0x00000000 -> 0x08010000)
2025-05-08 08:58:35.532 11032-11076 gralloc4                com.example.houserentappproject      I  @set_metadata: update dataspace from GM (0x00000000 -> 0x08010000)
2025-05-08 08:58:35.545 11032-11076 gralloc4                com.example.houserentappproject      I  @set_metadata: update dataspace from GM (0x00000000 -> 0x08010000)
2025-05-08 08:58:35.548 11032-11076 gralloc4                com.example.houserentappproject      I  @set_metadata: update dataspace from GM (0x00000000 -> 0x08010000)
2025-05-08 08:58:35.562 11032-11076 gralloc4                com.example.houserentappproject      I  @set_metadata: update dataspace from GM (0x00000000 -> 0x08010000)
2025-05-08 08:58:35.565 11032-11076 gralloc4                com.example.houserentappproject      I  @set_metadata: update dataspace from GM (0x00000000 -> 0x08010000)
2025-05-08 08:58:35.579 11032-11076 gralloc4                com.example.houserentappproject      I  @set_metadata: update dataspace from GM (0x00000000 -> 0x08010000)
2025-05-08 08:58:35.585 11032-11076 gralloc4                com.example.houserentappproject      I  @set_metadata: update dataspace from GM (0x00000000 -> 0x08010000)
2025-05-08 08:58:35.595 11032-11076 gralloc4                com.example.houserentappproject      I  @set_metadata: update dataspace from GM (0x00000000 -> 0x08010000)
2025-05-08 08:58:35.600 11032-11076 gralloc4                com.example.houserentappproject      I  @set_metadata: update dataspace from GM (0x00000000 -> 0x08010000)
2025-05-08 08:58:35.611 11032-11076 gralloc4                com.example.houserentappproject      I  @set_metadata: update dataspace from GM (0x00000000 -> 0x08010000)
2025-05-08 08:58:35.618 11032-11076 gralloc4                com.example.houserentappproject      I  @set_metadata: update dataspace from GM (0x00000000 -> 0x08010000)
2025-05-08 08:58:35.628 11032-11076 gralloc4                com.example.houserentappproject      I  @set_metadata: update dataspace from GM (0x00000000 -> 0x08010000)
2025-05-08 08:58:35.632 11032-11076 gralloc4                com.example.houserentappproject      I  @set_metadata: update dataspace from GM (0x00000000 -> 0x08010000)
2025-05-08 08:58:35.646 11032-11076 gralloc4                com.example.houserentappproject      I  @set_metadata: update dataspace from GM (0x00000000 -> 0x08010000)
2025-05-08 08:58:35.650 11032-11076 gralloc4                com.example.houserentappproject      I  @set_metadata: update dataspace from GM (0x00000000 -> 0x08010000)
2025-05-08 08:58:35.661 11032-11076 gralloc4                com.example.houserentappproject      I  @set_metadata: update dataspace from GM (0x00000000 -> 0x08010000)
2025-05-08 08:58:35.667 11032-11076 gralloc4                com.example.houserentappproject      I  @set_metadata: update dataspace from GM (0x00000000 -> 0x08010000)
2025-05-08 08:58:35.677 11032-11076 gralloc4                com.example.houserentappproject      I  @set_metadata: update dataspace from GM (0x00000000 -> 0x08010000)
2025-05-08 08:58:35.682 11032-11076 gralloc4                com.example.houserentappproject      I  @set_metadata: update dataspace from GM (0x00000000 -> 0x08010000)
2025-05-08 08:58:35.694 11032-11076 gralloc4                com.example.houserentappproject      I  @set_metadata: update dataspace from GM (0x00000000 -> 0x08010000)
2025-05-08 08:58:35.700 11032-11076 gralloc4                com.example.houserentappproject      I  @set_metadata: update dataspace from GM (0x00000000 -> 0x08010000)
2025-05-08 08:58:35.710 11032-11076 gralloc4                com.example.houserentappproject      I  @set_metadata: update dataspace from GM (0x00000000 -> 0x08010000)
2025-05-08 08:58:35.714 11032-11076 gralloc4                com.example.houserentappproject      I  @set_metadata: update dataspace from GM (0x00000000 -> 0x08010000)
2025-05-08 08:58:35.727 11032-11076 gralloc4                com.example.houserentappproject      I  @set_metadata: update dataspace from GM (0x00000000 -> 0x08010000)
2025-05-08 08:58:35.732 11032-11076 gralloc4                com.example.houserentappproject      I  @set_metadata: update dataspace from GM (0x00000000 -> 0x08010000)
2025-05-08 08:58:35.743 11032-11076 gralloc4                com.example.houserentappproject      I  @set_metadata: update dataspace from GM (0x00000000 -> 0x08010000)
2025-05-08 08:58:35.748 11032-11076 gralloc4                com.example.houserentappproject      I  @set_metadata: update dataspace from GM (0x00000000 -> 0x08010000)
2025-05-08 08:58:35.760 11032-11076 gralloc4                com.example.houserentappproject      I  @set_metadata: update dataspace from GM (0x00000000 -> 0x08010000)
2025-05-08 08:58:35.767 11032-11076 gralloc4                com.example.houserentappproject      I  @set_metadata: update dataspace from GM (0x00000000 -> 0x08010000)
2025-05-08 08:58:35.770 11032-11032 WindowOnBackDispatcher  com.example.houserentappproject      W  sendCancelIfRunning: isInProgress=falsecallback=android.view.ViewRootImpl$$ExternalSyntheticLambda22@231742
2025-05-08 08:58:35.772 11032-11032 View                    com.example.houserentappproject      D  [Warning] assignParent to null: this = DecorView@cfb5367[activity_house_listing]
2025-05-08 08:58:35.777 11032-11046 BLASTBufferQueue        com.example.houserentappproject      D  [VRI[activity_house_listing]#4](f:0,a:1) destructor()
2025-05-08 08:58:35.778 11032-11046 BufferQueueConsumer     com.example.houserentappproject      D  [VRI[activity_house_listing]#4(BLAST Consumer)4](id:2b1800000004,api:0,p:-1,c:11032) disconnect
2025-05-08 08:58:35.795 11032-11076 gralloc4                com.example.houserentappproject      I  @set_metadata: update dataspace from GM (0x00000000 -> 0x08010000)
2025-05-08 08:58:35.802 11032-11076 gralloc4                com.example.houserentappproject      I  @set_metadata: update dataspace from GM (0x00000000 -> 0x08010000)
2025-05-08 08:58:35.813 11032-11076 gralloc4                com.example.houserentappproject      I  @set_metadata: update dataspace from GM (0x00000000 -> 0x08010000)
2025-05-08 08:58:35.832 11032-11076 gralloc4                com.example.houserentappproject      I  @set_metadata: update dataspace from GM (0x00000000 -> 0x08010000)
2025-05-08 08:58:35.850 11032-11076 gralloc4                com.example.houserentappproject      I  @set_metadata: update dataspace from GM (0x00000000 -> 0x08010000)
2025-05-08 08:58:35.866 11032-11076 gralloc4                com.example.houserentappproject      I  @set_metadata: update dataspace from GM (0x00000000 -> 0x08010000)
2025-05-08 08:58:35.882 11032-11076 gralloc4                com.example.houserentappproject      I  @set_metadata: update dataspace from GM (0x00000000 -> 0x08010000)
2025-05-08 08:58:35.899 11032-11076 gralloc4                com.example.houserentappproject      I  @set_metadata: update dataspace from GM (0x00000000 -> 0x08010000)
2025-05-08 08:58:35.916 11032-11076 gralloc4                com.example.houserentappproject      I  @set_metadata: update dataspace from GM (0x00000000 -> 0x08010000)
2025-05-08 08:58:35.931 11032-11076 gralloc4                com.example.houserentappproject      I  @set_metadata: update dataspace from GM (0x00000000 -> 0x08010000)
2025-05-08 08:58:35.947 11032-11076 gralloc4                com.example.houserentappproject      I  @set_metadata: update dataspace from GM (0x00000000 -> 0x08010000)
2025-05-08 08:58:35.964 11032-11076 gralloc4                com.example.houserentappproject      I  @set_metadata: update dataspace from GM (0x00000000 -> 0x08010000)
2025-05-08 08:58:35.981 11032-11076 gralloc4                com.example.houserentappproject      I  @set_metadata: update dataspace from GM (0x00000000 -> 0x08010000)
2025-05-08 08:58:35.997 11032-11076 gralloc4                com.example.houserentappproject      I  @set_metadata: update dataspace from GM (0x00000000 -> 0x08010000)
2025-05-08 08:58:36.014 11032-11076 gralloc4                com.example.houserentappproject      I  @set_metadata: update dataspace from GM (0x00000000 -> 0x08010000)
2025-05-08 08:58:36.030 11032-11076 gralloc4                com.example.houserentappproject      I  @set_metadata: update dataspace from GM (0x00000000 -> 0x08010000)
2025-05-08 08:58:36.048 11032-11076 gralloc4                com.example.houserentappproject      I  @set_metadata: update dataspace from GM (0x00000000 -> 0x08010000)
2025-05-08 08:58:36.062 11032-11076 gralloc4                com.example.houserentappproject      I  @set_metadata: update dataspace from GM (0x00000000 -> 0x08010000)
2025-05-08 08:58:36.082 11032-11076 gralloc4                com.example.houserentappproject      I  @set_metadata: update dataspace from GM (0x00000000 -> 0x08010000)
2025-05-08 08:58:36.095 11032-11076 gralloc4                com.example.houserentappproject      I  @set_metadata: update dataspace from GM (0x00000000 -> 0x08010000)
2025-05-08 08:58:36.109 11032-11076 gralloc4                com.example.houserentappproject      I  @set_metadata: update dataspace from GM (0x00000000 -> 0x08010000)
2025-05-08 08:58:36.125 11032-11076 gralloc4                com.example.houserentappproject      I  @set_metadata: update dataspace from GM (0x00000000 -> 0x08010000)
2025-05-08 08:58:36.142 11032-11076 gralloc4                com.example.houserentappproject      I  @set_metadata: update dataspace from GM (0x00000000 -> 0x08010000)
2025-05-08 08:58:36.159 11032-11076 gralloc4                com.example.houserentappproject      I  @set_metadata: update dataspace from GM (0x00000000 -> 0x08010000)
2025-05-08 08:58:36.164   910-1754  BufferQueueDebug        surfaceflinger                       E  [ActivityRecord{2bcbafd u0 com.example.houserentappproject/.activity_login_user t1641}#37382](this:0xb400007a56a04a30,id:-1,api:0,p:-1,c:-1) id info cannot be read from 'ActivityRecord{2bcbafd u0 com.example.houserentappproject/.activity_login_user t1641}#37382'
2025-05-08 08:58:36.185 11032-11076 gralloc4                com.example.houserentappproject      I  @set_metadata: update dataspace from GM (0x00000000 -> 0x08010000)
2025-05-08 08:58:36.197 11032-11076 gralloc4                com.example.houserentappproject      I  @set_metadata: update dataspace from GM (0x00000000 -> 0x08010000)
2025-05-08 08:58:36.198 11032-11197 libMEOW                 com.example.houserentappproject      D  meow new tls: 0xb40000741800b300
2025-05-08 08:58:36.198 11032-11197 libMEOW                 com.example.houserentappproject      D  applied 1 plugins for [com.example.houserentappproject]:
2025-05-08 08:58:36.198 11032-11197 libMEOW                 com.example.houserentappproject      D    plugin 1: [libMEOW_gift.so]: 0xb40000749ba44a40
2025-05-08 08:58:36.198 11032-11197 libMEOW                 com.example.houserentappproject      D  rebuild call chain: 0xb40000741801a700
2025-05-08 08:58:36.198 11032-11197 libMEOW                 com.example.houserentappproject      D  meow delete tls: 0xb40000741800b300
2025-05-08 08:58:36.203   910-1754  BufferQueueDebug        surfaceflinger                       E  [ActivityRecord{1574d3e u0 com.example.houserentappproject/.activity_selectcity t1641}#37383](this:0xb400007a56a2aa30,id:-1,api:0,p:-1,c:-1) id info cannot be read from 'ActivityRecord{1574d3e u0 com.example.houserentappproject/.activity_selectcity t1641}#37383'
2025-05-08 08:58:36.213 11032-11032 DecorView[]             com.example.houserentappproject      D  getWindowModeFromSystem  windowmode is 1
2025-05-08 08:58:36.222 11032-11076 gralloc4                com.example.houserentappproject      I  @set_metadata: update dataspace from GM (0x00000000 -> 0x08010000)
2025-05-08 08:58:36.232 11032-11076 gralloc4                com.example.houserentappproject      I  @set_metadata: update dataspace from GM (0x00000000 -> 0x08010000)
2025-05-08 08:58:36.233 11032-11200 libMEOW                 com.example.houserentappproject      D  meow new tls: 0xb40000741801b300
2025-05-08 08:58:36.233 11032-11200 libMEOW                 com.example.houserentappproject      D  applied 1 plugins for [com.example.houserentappproject]:
2025-05-08 08:58:36.233 11032-11200 libMEOW                 com.example.houserentappproject      D    plugin 1: [libMEOW_gift.so]: 0xb40000749ba44a40
2025-05-08 08:58:36.233 11032-11200 libMEOW                 com.example.houserentappproject      D  rebuild call chain: 0xb400007418031700
2025-05-08 08:58:36.233 11032-11200 libMEOW                 com.example.houserentappproject      D  meow delete tls: 0xb40000741801b300
2025-05-08 08:58:36.239 11032-11032 DecorView[]             com.example.houserentappproject      D  getWindowModeFromSystem  windowmode is 1
2025-05-08 08:58:36.240 11032-11032 ScrollerOp...ionManager com.example.houserentappproject      D  registerConfigChangedListener
2025-05-08 08:58:36.245 11032-11032 ScrollerOp...ionManager com.example.houserentappproject      D  registerConfigChangedListener
2025-05-08 08:58:36.271 11032-11076 libc                    com.example.houserentappproject      W  Access denied finding property "ro.vendor.display.iris_x7.support"
2025-05-08 08:58:36.271 11032-11032 VRI[activi...electcity] com.example.houserentappproject      D  hardware acceleration = true, forceHwAccelerated = false
2025-05-08 08:58:36.272   910-1751  BufferQueueDebug        surfaceflinger                       E  [ff6ff4a com.example.houserentappproject/com.example.houserentappproject.activity_selectcity#37384](this:0xb400007a60b68a30,id:-1,api:0,p:-1,c:-1) id info cannot be read from 'ff6ff4a com.example.houserentappproject/com.example.houserentappproject.activity_selectcity#37384'
2025-05-08 08:58:36.280   910-1751  BufferQueueDebug        surfaceflinger                       E  [com.example.houserentappproject/com.example.houserentappproject.activity_selectcity#37385](this:0xb400007a60cbfa30,id:-1,api:0,p:-1,c:-1) id info cannot be read from 'com.example.houserentappproject/com.example.houserentappproject.activity_selectcity#37385'
2025-05-08 08:58:36.286 11032-11032 BufferQueueConsumer     com.example.houserentappproject      D  [](id:2b1800000006,api:0,p:-1,c:11032) connect: controlledByApp=false
2025-05-08 08:58:36.287 11032-11076 OpenGLRenderer          com.example.houserentappproject      E  Unable to match the desired swap behavior.
2025-05-08 08:58:36.289 11032-11032 VRI[activi...electcity] com.example.houserentappproject      D  vri.reportNextDraw android.view.ViewRootImpl.performTraversals:4376 android.view.ViewRootImpl.doTraversal:2992 android.view.ViewRootImpl$TraversalRunnable.run:10469 android.view.Choreographer$CallbackRecord.run:1671 android.view.Choreographer$CallbackRecord.run:1680 
2025-05-08 08:58:36.290 11032-11032 VRI[activi...electcity] com.example.houserentappproject      D  vri.Setup new sync=wmsSync-VRI[activity_selectcity]#12
2025-05-08 08:58:36.295 11032-11076 BLASTBufferQueue        com.example.houserentappproject      D  [VRI[activity_selectcity]#6](f:0,a:1) acquireNextBufferLocked size=1080x2400 mFrameNumber=1 applyTransaction=true mTimestamp=92005950153713(auto) mPendingTransactions.size=0 graphicBufferId=47382079209497 transform=0
2025-05-08 08:58:36.295 11032-11032 VRI[activi...electcity] com.example.houserentappproject      D  vri.reportDrawFinished
2025-05-08 08:58:36.298   910-1754  BufferQueueDebug        surfaceflinger                       E  [Transition Root: ActivityRecord{1574d3e u0 com.example.houserentappproject/.activity_selectcity t1641}#37388](this:0xb400007a56a2da30,id:-1,api:0,p:-1,c:-1) id info cannot be read from 'Transition Root: ActivityRecord{1574d3e u0 com.example.houserentappproject/.activity_selectcity t1641}#37388'
2025-05-08 08:58:36.301   910-1754  BufferQueueDebug        surfaceflinger                       E  [d9f09f9 ActivityRecordInputSink com.example.houserentappproject/.activity_selectcity#37389](this:0xb400007a56898a30,id:-1,api:0,p:-1,c:-1) id info cannot be read from 'd9f09f9 ActivityRecordInputSink com.example.houserentappproject/.activity_selectcity#37389'
2025-05-08 08:58:36.302 11032-11076 gralloc4                com.example.houserentappproject      I  @set_metadata: update dataspace from GM (0x00000000 -> 0x08010000)
2025-05-08 08:58:36.305   910-1751  BufferQueueDebug        surfaceflinger                       E  [DefaultTransition Dim Layer for - Surface(name=ActivityRecord{a656d8b u0 com.example.houserentappproject/.activity_neworexistinguser t1641})/@0x2f336d#37390](this:0xb400007a60e27a30,id:-1,api:0,p:-1,c:-1) id info cannot be read from 'DefaultTransition Dim Layer for - Surface(name=ActivityRecord{a656d8b u0 com.example.houserentappproject/.activity_neworexistinguser t1641})/@0x2f336d#37390'
2025-05-08 08:58:36.314 11032-11076 gralloc4                com.example.houserentappproject      I  @set_metadata: update dataspace from GM (0x00000000 -> 0x08010000)
2025-05-08 08:58:36.321 11032-11076 gralloc4                com.example.houserentappproject      I  @set_metadata: update dataspace from GM (0x00000000 -> 0x08010000)
2025-05-08 08:58:36.323 11032-11032 HandWritingStubImpl     com.example.houserentappproject      I  refreshLastKeyboardType: 1
2025-05-08 08:58:36.323 11032-11032 HandWritingStubImpl     com.example.houserentappproject      I  getCurrentKeyboardType: 1
2025-05-08 08:58:36.334  2340-2693  ActivityManagerWrapper  com.miui.home                        E  getRecentTasks: mainTaskId=1641   userId=0   windowMode=1   baseIntent=Intent { act=android.intent.action.MAIN flag=268435456 cmp=ComponentInfo{com.example.houserentappproject/com.example.houserentappproject.splash_activity} }
2025-05-08 08:58:36.339 11032-11076 gralloc4                com.example.houserentappproject      I  @set_metadata: update dataspace from GM (0x00000000 -> 0x08010000)
2025-05-08 08:58:36.354 11032-11076 gralloc4                com.example.houserentappproject      I  @set_metadata: update dataspace from GM (0x00000000 -> 0x08010000)
2025-05-08 08:58:36.371 11032-11076 gralloc4                com.example.houserentappproject      I  @set_metadata: update dataspace from GM (0x00000000 -> 0x08010000)
2025-05-08 08:58:36.388 11032-11076 gralloc4                com.example.houserentappproject      I  @set_metadata: update dataspace from GM (0x00000000 -> 0x08010000)
2025-05-08 08:58:36.405 11032-11076 gralloc4                com.example.houserentappproject      I  @set_metadata: update dataspace from GM (0x00000000 -> 0x08010000)
2025-05-08 08:58:36.420 11032-11076 gralloc4                com.example.houserentappproject      I  @set_metadata: update dataspace from GM (0x00000000 -> 0x08010000)
2025-05-08 08:58:36.437 11032-11076 gralloc4                com.example.houserentappproject      I  @set_metadata: update dataspace from GM (0x00000000 -> 0x08010000)
2025-05-08 08:58:36.453 11032-11076 gralloc4                com.example.houserentappproject      I  @set_metadata: update dataspace from GM (0x00000000 -> 0x08010000)
2025-05-08 08:58:36.470 11032-11076 gralloc4                com.example.houserentappproject      I  @set_metadata: update dataspace from GM (0x00000000 -> 0x08010000)
2025-05-08 08:58:36.486 11032-11076 gralloc4                com.example.houserentappproject      I  @set_metadata: update dataspace from GM (0x00000000 -> 0x08010000)
2025-05-08 08:58:36.504 11032-11076 gralloc4                com.example.houserentappproject      I  @set_metadata: update dataspace from GM (0x00000000 -> 0x08010000)
2025-05-08 08:58:36.519 11032-11076 gralloc4                com.example.houserentappproject      I  @set_metadata: update dataspace from GM (0x00000000 -> 0x08010000)
2025-05-08 08:58:36.536 11032-11076 gralloc4                com.example.houserentappproject      I  @set_metadata: update dataspace from GM (0x00000000 -> 0x08010000)
2025-05-08 08:58:36.553 11032-11076 gralloc4                com.example.houserentappproject      I  @set_metadata: update dataspace from GM (0x00000000 -> 0x08010000)
2025-05-08 08:58:36.570 11032-11076 gralloc4                com.example.houserentappproject      I  @set_metadata: update dataspace from GM (0x00000000 -> 0x08010000)
2025-05-08 08:58:36.586 11032-11076 gralloc4                com.example.houserentappproject      I  @set_metadata: update dataspace from GM (0x00000000 -> 0x08010000)
2025-05-08 08:58:36.602 11032-11076 gralloc4                com.example.houserentappproject      I  @set_metadata: update dataspace from GM (0x00000000 -> 0x08010000)
2025-05-08 08:58:36.619 11032-11076 gralloc4                com.example.houserentappproject      I  @set_metadata: update dataspace from GM (0x00000000 -> 0x08010000)
2025-05-08 08:58:36.642 11032-11076 gralloc4                com.example.houserentappproject      I  @set_metadata: update dataspace from GM (0x00000000 -> 0x08010000)
2025-05-08 08:58:36.656 11032-11076 gralloc4                com.example.houserentappproject      I  @set_metadata: update dataspace from GM (0x00000000 -> 0x08010000)
2025-05-08 08:58:36.674 11032-11076 gralloc4                com.example.houserentappproject      I  @set_metadata: update dataspace from GM (0x00000000 -> 0x08010000)
2025-05-08 08:58:36.690 11032-11076 gralloc4                com.example.houserentappproject      I  @set_metadata: update dataspace from GM (0x00000000 -> 0x08010000)
2025-05-08 08:58:36.707 11032-11076 gralloc4                com.example.houserentappproject      I  @set_metadata: update dataspace from GM (0x00000000 -> 0x08010000)
2025-05-08 08:58:36.724 11032-11076 gralloc4                com.example.houserentappproject      I  @set_metadata: update dataspace from GM (0x00000000 -> 0x08010000)
2025-05-08 08:58:36.740 11032-11076 gralloc4                com.example.houserentappproject      I  @set_metadata: update dataspace from GM (0x00000000 -> 0x08010000)
2025-05-08 08:58:36.756 11032-11076 gralloc4                com.example.houserentappproject      I  @set_metadata: update dataspace from GM (0x00000000 -> 0x08010000)
2025-05-08 08:58:36.772 11032-11076 gralloc4                com.example.houserentappproject      I  @set_metadata: update dataspace from GM (0x00000000 -> 0x08010000)
2025-05-08 08:58:36.788 11032-11076 gralloc4                com.example.houserentappproject      I  @set_metadata: update dataspace from GM (0x00000000 -> 0x08010000)
2025-05-08 08:58:36.806 11032-11076 gralloc4                com.example.houserentappproject      I  @set_metadata: update dataspace from GM (0x00000000 -> 0x08010000)
2025-05-08 08:58:36.821 11032-11076 gralloc4                com.example.houserentappproject      I  @set_metadata: update dataspace from GM (0x00000000 -> 0x08010000)
2025-05-08 08:58:36.837 11032-11076 gralloc4                com.example.houserentappproject      I  @set_metadata: update dataspace from GM (0x00000000 -> 0x08010000)
2025-05-08 08:58:36.872 11032-11045 BLASTBufferQueue        com.example.houserentappproject      D  [VRI[activity_neworexistinguser]#5](f:0,a:1) destructor()
2025-05-08 08:58:36.872 11032-11045 BufferQueueConsumer     com.example.houserentappproject      D  [VRI[activity_neworexistinguser]#5(BLAST Consumer)5](id:2b1800000005,api:0,p:-1,c:11032) disconnect
2025-05-08 08:58:37.079 11032-11032 TextViewImpl            com.example.houserentappproject      V  sendCursorInfo support:true
2025-05-08 08:58:37.082 11032-11032 HandWritingStubImpl     com.example.houserentappproject      I  refreshLastKeyboardType: 1
2025-05-08 08:58:37.085 11032-11032 HandWritingStubImpl     com.example.houserentappproject      I  getCurrentKeyboardType: 1
2025-05-08 08:58:37.097 11032-11032 AssistStructure         com.example.houserentappproject      I  Flattened final assist data: 2712 bytes, containing 1 windows, 20 views
2025-05-08 08:58:37.104 11032-11076 gralloc4                com.example.houserentappproject      I  @set_metadata: update dataspace from GM (0x00000000 -> 0x08010000)
2025-05-08 08:58:37.478 11032-11076 gralloc4                com.example.houserentappproject      I  @set_metadata: update dataspace from GM (0x00000000 -> 0x08010000)
2025-05-08 08:58:37.497 11032-11076 gralloc4                com.example.houserentappproject      I  @set_metadata: update dataspace from GM (0x00000000 -> 0x08010000)
2025-05-08 08:58:37.514 11032-11076 gralloc4                com.example.houserentappproject      I  @set_metadata: update dataspace from GM (0x00000000 -> 0x08010000)
2025-05-08 08:58:37.529 11032-11076 gralloc4                com.example.houserentappproject      I  @set_metadata: update dataspace from GM (0x00000000 -> 0x08010000)
2025-05-08 08:58:37.545 11032-11076 gralloc4                com.example.houserentappproject      I  @set_metadata: update dataspace from GM (0x00000000 -> 0x08010000)
2025-05-08 08:58:37.564 11032-11076 gralloc4                com.example.houserentappproject      I  @set_metadata: update dataspace from GM (0x00000000 -> 0x08010000)
2025-05-08 08:58:37.577 11032-11076 gralloc4                com.example.houserentappproject      I  @set_metadata: update dataspace from GM (0x00000000 -> 0x08010000)
2025-05-08 08:58:37.594 11032-11076 gralloc4                com.example.houserentappproject      I  @set_metadata: update dataspace from GM (0x00000000 -> 0x08010000)
2025-05-08 08:58:37.611 11032-11076 gralloc4                com.example.houserentappproject      I  @set_metadata: update dataspace from GM (0x00000000 -> 0x08010000)
2025-05-08 08:58:37.627 11032-11076 gralloc4                com.example.houserentappproject      I  @set_metadata: update dataspace from GM (0x00000000 -> 0x08010000)
2025-05-08 08:58:37.643 11032-11076 gralloc4                com.example.houserentappproject      I  @set_metadata: update dataspace from GM (0x00000000 -> 0x08010000)
2025-05-08 08:58:37.660 11032-11076 gralloc4                com.example.houserentappproject      I  @set_metadata: update dataspace from GM (0x00000000 -> 0x08010000)
2025-05-08 08:58:37.676 11032-11076 gralloc4                com.example.houserentappproject      I  @set_metadata: update dataspace from GM (0x00000000 -> 0x08010000)
2025-05-08 08:58:37.693 11032-11076 gralloc4                com.example.houserentappproject      I  @set_metadata: update dataspace from GM (0x00000000 -> 0x08010000)
2025-05-08 08:58:37.711 11032-11076 gralloc4                com.example.houserentappproject      I  @set_metadata: update dataspace from GM (0x00000000 -> 0x08010000)
2025-05-08 08:58:37.720 11032-11032 Editor                  com.example.houserentappproject      D  Double tap detection is fail
2025-05-08 08:58:37.723 11032-11076 gralloc4                com.example.houserentappproject      I  @set_metadata: update dataspace from GM (0x00000000 -> 0x08010000)
2025-05-08 08:58:37.739 11032-11076 gralloc4                com.example.houserentappproject      I  @set_metadata: update dataspace from GM (0x00000000 -> 0x08010000)
2025-05-08 08:58:37.767 11032-11032 ImeTracker              com.example.houserentappproject      I  com.example.houserentappproject:df9cca4: onRequestShow at ORIGIN_CLIENT_SHOW_SOFT_INPUT reason SHOW_SOFT_INPUT
2025-05-08 08:58:37.768 11032-11032 InputMethodManager      com.example.houserentappproject      D  showSoftInput() view=androidx.appcompat.widget.AppCompatEditText{ab29bf VFED..CL. .F.P.... 44,140-1036,353 #7f09013d app:id/landmarkInput aid=1073741824} flags=0 reason=SHOW_SOFT_INPUT
2025-05-08 08:58:37.874 11032-11032 InsetsController        com.example.houserentappproject      D  show(ime(), fromIme=true)
2025-05-08 08:58:37.892 11032-11076 gralloc4                com.example.houserentappproject      I  @set_metadata: update dataspace from GM (0x00000000 -> 0x08010000)
2025-05-08 08:58:37.906 11032-11076 gralloc4                com.example.houserentappproject      I  @set_metadata: update dataspace from GM (0x00000000 -> 0x08010000)
2025-05-08 08:58:37.922 11032-11076 gralloc4                com.example.houserentappproject      I  @set_metadata: update dataspace from GM (0x00000000 -> 0x08010000)
